ARM Linker, 4.1 [Build 894] [Standard]

==============================================================================

Section Cross References

    stm32f10x.o(STACK) refers (Special) to heapauxi.o(.text) for __use_two_region_memory
    stm32f10x.o(HEAP) refers (Special) to heapauxi.o(.text) for __use_two_region_memory
    stm32f10x.o(RESET) refers (Special) to heapauxi.o(.text) for __use_two_region_memory
    stm32f10x.o(RESET) refers to stm32f10x.o(STACK) for __initial_sp
    stm32f10x.o(RESET) refers to stm32f10x.o(.text) for Reset_Handler
    stm32f10x.o(RESET) refers to rtc.o(.text) for RTC_IRQHandler
    stm32f10x.o(RESET) refers to exti.o(.text) for EXTI0_IRQHandler
    stm32f10x.o(RESET) refers to touch.o(.text) for EXTI1_IRQHandler
    stm32f10x.o(RESET) refers to timer.o(.text) for TIM3_IRQHandler
    stm32f10x.o(RESET) refers to usart.o(.text) for USART1_IRQHandler
    stm32f10x.o(.text) refers (Special) to heapauxi.o(.text) for __use_two_region_memory
    stm32f10x.o(.text) refers to __main.o(!!!main) for __main
    stm32f10x.o(.text) refers to stm32f10x.o(HEAP) for Heap_Mem
    stm32f10x.o(.text) refers to stm32f10x.o(STACK) for Stack_Mem
    test.o(.text) refers to ili93xx.o(.text) for LCD_Clear
    test.o(.text) refers to power.o(.text) for face_display
    test.o(.text) refers to sys.o(.text) for Stm32_Clock_Init
    test.o(.text) refers to delay.o(.text) for delay_init
    test.o(.text) refers to usart.o(.text) for uart_init
    test.o(.text) refers to timer.o(.text) for Timerx_Init
    test.o(.text) refers to key.o(.text) for KEY_Init
    test.o(.text) refers to led.o(.text) for LED_Init
    test.o(.text) refers to touch.o(.text) for Touch_Init
    test.o(.text) refers to ili93xx.o(.data) for POINT_COLOR
    test.o(.text) refers to touch.o(.bss) for Pen_Point
    delay.o(.text) refers to delay.o(.data) for fac_us
    sys.o(.text) refers to sys.o(.emb_text) for WFI_SET
    usart.o(.text) refers (Special) to use_no_semi_2.o(.text) for __use_no_semihosting
    usart.o(.text) refers to fflt_clz.o(x$fpl$ffltu) for __aeabi_ui2f
    usart.o(.text) refers to fdiv.o(x$fpl$fdiv) for __aeabi_fdiv
    usart.o(.text) refers to ffixu.o(x$fpl$ffixu) for __aeabi_f2uiz
    usart.o(.text) refers to faddsub_clz.o(x$fpl$frsb) for __aeabi_frsub
    usart.o(.text) refers to fmul.o(x$fpl$fmul) for __aeabi_fmul
    usart.o(.text) refers to sys.o(.text) for MY_NVIC_Init
    usart.o(.text) refers to usart.o(.bss) for USART1_Buf
    usart.o(.text) refers to usart.o(.data) for crcnow
    usart.o(.bss) refers (Special) to use_no_semi_2.o(.text) for __use_no_semihosting
    usart.o(.data) refers (Special) to use_no_semi_2.o(.text) for __use_no_semihosting
    24cxx.o(.text) refers to myiic.o(.text) for IIC_Init
    24cxx.o(.text) refers to delay.o(.text) for delay_ms
    myiic.o(.text) refers to delay.o(.text) for delay_us
    adc.o(.text) refers to delay.o(.text) for delay_ms
    dma.o(.text) refers to dma.o(.data) for DMA1_MEM_LEN
    exti.o(.text) refers to delay.o(.text) for delay_ms
    exti.o(.text) refers to sys.o(.text) for JTAG_Set
    key.o(.text) refers to sys.o(.text) for JTAG_Set
    key.o(.text) refers to delay.o(.text) for delay_ms
    key.o(.text) refers to key.o(.data) for key_up
    ili93xx.o(.text) refers to _printf_percent.o(.ARM.Collect$$_printf_percent$$00000000) for _printf_percent
    ili93xx.o(.text) refers to _printf_x.o(.ARM.Collect$$_printf_percent$$0000000C) for _printf_x
    ili93xx.o(.text) refers to _printf_hex_int.o(.text) for _printf_longlong_hex
    ili93xx.o(.text) refers to delay.o(.text) for delay_us
    ili93xx.o(.text) refers to ili93xx.o(i.LCD_SetCursor) for LCD_SetCursor
    ili93xx.o(.text) refers to ili93xx.o(.data) for DeviceCode
    ili93xx.o(.text) refers to sys.o(.text) for JTAG_Set
    ili93xx.o(.text) refers to noretval__2printf.o(.text) for __2printf
    ili93xx.o(.text) refers to ili93xx.o(.constdata) for asc2_1206
    rtc.o(.text) refers to delay.o(.text) for delay_ms
    rtc.o(.text) refers to rtc.o(.constdata) for table_week
    rtc.o(.text) refers to rtc.o(.data) for daycnt
    rtc.o(.text) refers to rtc.o(.bss) for timer
    rtc.o(.text) refers to sys.o(.text) for MY_NVIC_Init
    power.o(.text) refers to ili93xx.o(.text) for Test_Show_CH_Font24
    power.o(.text) refers to usart.o(.text) for chkcrc
    power.o(.text) refers to ili93xx.o(.data) for BACK_COLOR
    power.o(.text) refers to usart.o(.bss) for USART_TX_BUF
    power.o(.text) refers to usart.o(.data) for crcnow
    power.o(.text) refers to power.o(.data) for Voltage_data
    timer.o(.text) refers to power.o(.text) for read_data
    timer.o(.text) refers to sys.o(.text) for MY_NVIC_Init
    touch.o(.text) refers to delay.o(.text) for delay_us
    touch.o(.text) refers to ili93xx.o(.text) for LCD_DrawLine
    touch.o(.text) refers to fflt_clz.o(x$fpl$fflt) for __aeabi_i2f
    touch.o(.text) refers to fflt_clz.o(x$fpl$ffltu) for __aeabi_ui2f
[...]
    dleqf.o(x$fpl$dleqf) refers (Special) to usenofp.o(x$fpl$usenofp) for __I$use$fp
    dleqf.o(x$fpl$dleqf) refers to dnaninf.o(x$fpl$dnaninf) for __fpl_dnaninf
    dleqf.o(x$fpl$dleqf) refers to dcmpi.o(x$fpl$dcmpinf) for __fpl_dcmp_Inf
    drleqf.o(x$fpl$drleqf) refers (Special) to usenofp.o(x$fpl$usenofp) for __I$use$fp
    drleqf.o(x$fpl$drleqf) refers to dleqf.o(x$fpl$dleqf) for __fpl_dcmple_InfNaN
    f2d.o(x$fpl$f2d) refers (Special) to usenofp.o(x$fpl$usenofp) for __I$use$fp
    f2d.o(x$fpl$f2d) refers to fnaninf.o(x$fpl$fnaninf) for __fpl_fnaninf
    f2d.o(x$fpl$f2d) refers to dretinf.o(x$fpl$dretinf) for __fpl_dretinf
    faddsub_clz.o(x$fpl$fadd) refers (Special) to usenofp.o(x$fpl$usenofp) for __I$use$fp
    faddsub_clz.o(x$fpl$fadd) refers to faddsub_clz.o(x$fpl$fsub) for _fsub1
    faddsub_clz.o(x$fpl$fadd) refers to fretinf.o(x$fpl$fretinf) for __fpl_fretinf
    faddsub_clz.o(x$fpl$fadd) refers to fnaninf.o(x$fpl$fnaninf) for __fpl_fnaninf
    faddsub_clz.o(x$fpl$frsb) refers (Special) to usenofp.o(x$fpl$usenofp) for __I$use$fp
    faddsub_clz.o(x$fpl$frsb) refers to faddsub_clz.o(x$fpl$fadd) for _fadd1
    faddsub_clz.o(x$fpl$frsb) refers to faddsub_clz.o(x$fpl$fsub) for _fsub1
    faddsub_clz.o(x$fpl$fsub) refers (Special) to usenofp.o(x$fpl$usenofp) for __I$use$fp
    faddsub_clz.o(x$fpl$fsub) refers to faddsub_clz.o(x$fpl$fadd) for _fadd1
    faddsub_clz.o(x$fpl$fsub) refers to fnaninf.o(x$fpl$fnaninf) for __fpl_fnaninf
    fdiv.o(x$fpl$frdiv) refers (Special) to usenofp.o(x$fpl$usenofp) for __I$use$fp
    fdiv.o(x$fpl$frdiv) refers to fdiv.o(x$fpl$fdiv) for _fdiv1
    fdiv.o(x$fpl$fdiv) refers (Special) to usenofp.o(x$fpl$usenofp) for __I$use$fp
    fdiv.o(x$fpl$fdiv) refers to fretinf.o(x$fpl$fretinf) for __fpl_fretinf
    fdiv.o(x$fpl$fdiv) refers to fnaninf.o(x$fpl$fnaninf) for __fpl_fnaninf
    ffix.o(x$fpl$ffix) refers (Special) to usenofp.o(x$fpl$usenofp) for __I$use$fp
    ffix.o(x$fpl$ffix) refers to fnaninf.o(x$fpl$fnaninf) for __fpl_fnaninf
    ffix.o(x$fpl$ffixr) refers (Special) to usenofp.o(x$fpl$usenofp) for __I$use$fp
    ffix.o(x$fpl$ffixr) refers to fnaninf.o(x$fpl$fnaninf) for __fpl_fnaninf
    ffixu.o(x$fpl$ffixu) refers (Special) to usenofp.o(x$fpl$usenofp) for __I$use$fp
    ffixu.o(x$fpl$ffixu) refers to fnaninf.o(x$fpl$fnaninf) for __fpl_fnaninf
    ffixu.o(x$fpl$ffixur) refers (Special) to usenofp.o(x$fpl$usenofp) for __I$use$fp
    ffixu.o(x$fpl$ffixur) refers to fnaninf.o(x$fpl$fnaninf) for __fpl_fnaninf
    fflt_clz.o(x$fpl$ffltu) refers (Special) to usenofp.o(x$fpl$usenofp) for __I$use$fp
    fflt_clz.o(x$fpl$fflt) refers (Special) to usenofp.o(x$fpl$usenofp) for __I$use$fp
    fflt_clz.o(x$fpl$ffltn) refers (Special) to usenofp.o(x$fpl$usenofp) for __I$use$fp
    fmul.o(x$fpl$fmul) refers (Special) to usenofp.o(x$fpl$usenofp) for __I$use$fp
    fmul.o(x$fpl$fmul) refers to fretinf.o(x$fpl$fretinf) for __fpl_fretinf
    fmul.o(x$fpl$fmul) refers to fnaninf.o(x$fpl$fnaninf) for __fpl_fnaninf
    sqrt.o(i.__softfp_sqrt) refers (Special) to usenofp.o(x$fpl$usenofp) for __I$use$fp
    sqrt.o(i.__softfp_sqrt) refers to dsqrt_noumaal.o(x$fpl$dsqrt) for _dsqrt
    sqrt.o(i.__softfp_sqrt) refers to _rserrno.o(.text) for __set_errno
    sqrt.o(i.sqrt) refers (Special) to usenofp.o(x$fpl$usenofp) for __I$use$fp
    sqrt.o(i.sqrt) refers to dsqrt_noumaal.o(x$fpl$dsqrt) for _dsqrt
    sqrt.o(i.sqrt) refers to _rserrno.o(.text) for __set_errno
    sqrt_x.o(i.____softfp_sqrt$lsc) refers (Special) to usenofp.o(x$fpl$usenofp) for __I$use$fp
    sqrt_x.o(i.____softfp_sqrt$lsc) refers to dleqf.o(x$fpl$dleqf) for __aeabi_cdcmple
    sqrt_x.o(i.____softfp_sqrt$lsc) refers to _rserrno.o(.text) for __set_errno
    sqrt_x.o(i.____softfp_sqrt$lsc) refers to dsqrt_noumaal.o(x$fpl$dsqrt) for _dsqrt
    sqrt_x.o(i.__sqrt$lsc) refers (Special) to usenofp.o(x$fpl$usenofp) for __I$use$fp
    sqrt_x.o(i.__sqrt$lsc) refers to dleqf.o(x$fpl$dleqf) for __aeabi_cdcmple
    sqrt_x.o(i.__sqrt$lsc) refers to _rserrno.o(.text) for __set_errno
    sqrt_x.o(i.__sqrt$lsc) refers to dsqrt_noumaal.o(x$fpl$dsqrt) for _dsqrt
    rtentry.o(.ARM.Collect$$rtentry$$00000000) refers (Special) to rtentry2.o(.ARM.Collect$$rtentry$$0000000A) for __rt_entry_li
    rtentry.o(.ARM.Collect$$rtentry$$00000000) refers (Special) to rtentry2.o(.ARM.Collect$$rtentry$$0000000D) for __rt_entry_main
    rtentry.o(.ARM.Collect$$rtentry$$00000000) refers (Special) to rtentry2.o(.ARM.Collect$$rtentry$$0000000C) for __rt_entry_postli_1
    rtentry.o(.ARM.Collect$$rtentry$$00000000) refers (Special) to rtentry2.o(.ARM.Collect$$rtentry$$00000009) for __rt_entry_postsh_1
    rtentry.o(.ARM.Collect$$rtentry$$00000000) refers (Special) to rtentry2.o(.ARM.Collect$$rtentry$$00000002) for __rt_entry_presh_1
    rtentry.o(.ARM.Collect$$rtentry$$00000000) refers (Special) to rtentry4.o(.ARM.Collect$$rtentry$$00000004) for __rt_entry_sh
    _rserrno.o(.text) refers to rt_errno_addr_intlibspace.o(.text) for __aeabi_errno_addr
    _printf_char_file.o(.text) refers to _printf_char_common.o(.text) for _printf_char_common
    _printf_char_file.o(.text) refers to ferror.o(.text) for ferror
    _printf_char_file.o(.text) refers to usart.o(.text) for fputc
    dcmpi.o(x$fpl$dcmpinf) refers (Special) to usenofp.o(x$fpl$usenofp) for __I$use$fp
    dnaninf.o(x$fpl$dnaninf) refers (Special) to usenofp.o(x$fpl$usenofp) for __I$use$fp
    dretinf.o(x$fpl$dretinf) refers (Special) to usenofp.o(x$fpl$usenofp) for __I$use$fp
    dsqrt_noumaal.o(x$fpl$dsqrt) refers (Special) to usenofp.o(x$fpl$usenofp) for __I$use$fp
    dsqrt_noumaal.o(x$fpl$dsqrt) refers to dnaninf.o(x$fpl$dnaninf) for __fpl_dnaninf
    fnaninf.o(x$fpl$fnaninf) refers (Special) to usenofp.o(x$fpl$usenofp) for __I$use$fp
    fretinf.o(x$fpl$fretinf) refers (Special) to usenofp.o(x$fpl$usenofp) for __I$use$fp
    rtentry2.o(.ARM.Collect$$rtentry$$00000008) refers to boardinit2.o(.text) for _platform_post_stackheap_init
    rtentry2.o(.ARM.Collect$$rtentry$$0000000A) refers to libinit.o(.ARM.Collect$$libinit$$00000000) for __rt_lib_init
    rtentry2.o(.ARM.Collect$$rtentry$$0000000B) refers to boardinit3.o(.text) for _platform_post_lib_init
    rtentry2.o(.ARM.Collect$$rtentry$$0000000D) refers to test.o(.text) for main
    rtentry2.o(.ARM.Collect$$rtentry$$0000000D) refers to exit.o(.text) for exit
    rtentry2.o(.ARM.exidx) refers to rtentry2.o(.ARM.Collect$$rtentry$$00000001) for .ARM.Collect$$rtentry$$00000001
    rtentry2.o(.ARM.exidx) refers to rtentry2.o(.ARM.Collect$$rtentry$$00000008) for .ARM.Collect$$rtentry$$00000008
    rtentry2.o(.ARM.exidx) refers to rtentry2.o(.ARM.Collect$$rtentry$$0000000A) for .ARM.Collect$$rtentry$$0000000A
    rtentry2.o(.ARM.exidx) refers to rtentry2.o(.ARM.Collect$$rtentry$$0000000B) for .ARM.Collect$$rtentry$$0000000B
    rtentry2.o(.ARM.exidx) refers to rtentry2.o(.ARM.Collect$$rtentry$$0000000D) for .ARM.Collect$$rtentry$$0000000D
    rtentry4.o(.ARM.Collect$$rtentry$$00000004) refers to sys_stackheap_outer.o(.text) for __user_setup_stackheap
    rtentry4.o(.ARM.exidx) refers to rtentry4.o(.ARM.Collect$$rtentry$$00000004) for .ARM.Collect$$rtentry$$00000004
    rt_errno_addr.o(.text) refers to rt_errno_addr.o(.bss) for __aeabi_errno_addr_data
    rt_errno_addr_intlibspace.o(.text) refers to libspace.o(.bss) for __libspace_start
    _printf_char_common.o(.text) refers to __printf.o(.text) for __printf
    libspace.o(.text) refers to libspace.o(.bss) for __libspace_start
    sys_stackheap_outer.o(.text) refers to libspace.o(.text) for __user_perproc_libspace
    sys_stackheap_outer.o(.text) refers to stm32f10x.o(.text) for __user_initial_stackheap
    exit.o(.text) refers to rtexit.o(.ARM.Collect$$rtexit$$00000000) for __rt_exit
    libinit.o(.ARM.Collect$$libinit$$00000000) refers (Special) to libinit2.o(.ARM.Collect$$libinit$$0000002A) for __rt_lib_init_alloca_1
    libinit.o(.ARM.Collect$$libinit$$00000000) refers (Special) to libinit2.o(.ARM.Collect$$libinit$$00000028) for __rt_lib_init_argv_1
    libinit.o(.ARM.Collect$$libinit$$00000000) refers (Special) to libinit2.o(.ARM.Collect$$libinit$$00000017) for __rt_lib_init_atexit_1
    libinit.o(.ARM.Collect$$libinit$$00000000) refers (Special) to libinit2.o(.ARM.Collect$$libinit$$0000001D) for __rt_lib_init_clock_1
    libinit.o(.ARM.Collect$$libinit$$00000000) refers (Special) to libinit2.o(.ARM.Collect$$libinit$$0000002E) for __rt_lib_init_cpp_1
    libinit.o(.ARM.Collect$$libinit$$00000000) refers (Special) to libinit2.o(.ARM.Collect$$libinit$$0000002C) for __rt_lib_init_exceptions_1
    libinit.o(.ARM.Collect$$libinit$$00000000) refers (Special) to libinit2.o(.ARM.Collect$$libinit$$0000001B) for __rt_lib_init_fp_trap_1
    libinit.o(.ARM.Collect$$libinit$$00000000) refers (Special) to libinit2.o(.ARM.Collect$$libinit$$0000001F) for __rt_lib_init_getenv_1
    libinit.o(.ARM.Collect$$libinit$$00000000) refers (Special) to libinit2.o(.ARM.Collect$$libinit$$00000006) for __rt_lib_init_heap_1
    libinit.o(.ARM.Collect$$libinit$$00000000) refers (Special) to libinit2.o(.ARM.Collect$$libinit$$0000000D) for __rt_lib_init_lc_collate_1
    libinit.o(.ARM.Collect$$libinit$$00000000) refers (Special) to libinit2.o(.ARM.Collect$$libinit$$0000000F) for __rt_lib_init_lc_ctype_1
    libinit.o(.ARM.Collect$$libinit$$00000000) refers (Special) to libinit2.o(.ARM.Collect$$libinit$$00000011) for __rt_lib_init_lc_monetary_1
    libinit.o(.ARM.Collect$$libinit$$00000000) refers (Special) to libinit2.o(.ARM.Collect$$libinit$$00000013) for __rt_lib_init_lc_numeric_1
    libinit.o(.ARM.Collect$$libinit$$00000000) refers (Special) to libinit2.o(.ARM.Collect$$libinit$$00000015) for __rt_lib_init_lc_time_1
    libinit.o(.ARM.Collect$$libinit$$00000000) refers (Special) to libinit2.o(.ARM.Collect$$libinit$$0000000A) for __rt_lib_init_rand_1
    libinit.o(.ARM.Collect$$libinit$$00000000) refers (Special) to libinit2.o(.ARM.Collect$$libinit$$0000002F) for __rt_lib_init_return
    libinit.o(.ARM.Collect$$libinit$$00000000) refers (Special) to libinit2.o(.ARM.Collect$$libinit$$00000019) for __rt_lib_init_signal_1
    libinit.o(.ARM.Collect$$libinit$$00000000) refers (Special) to libinit2.o(.ARM.Collect$$libinit$$00000021) for __rt_lib_init_stdio_1
    libinit.o(.ARM.Collect$$libinit$$00000000) refers (Special) to libinit2.o(.ARM.Collect$$libinit$$00000008) for __rt_lib_init_user_alloc_1
    libinit.o(.ARM.Collect$$libinit$$00000000) refers to fpinit.o(x$fpl$fpinit) for _fp_init
    rtexit.o(.ARM.Collect$$rtexit$$00000000) refers (Special) to rtexit2.o(.ARM.Collect$$rtexit$$00000004) for __rt_exit_exit
    rtexit.o(.ARM.Collect$$rtexit$$00000000) refers (Special) to rtexit2.o(.ARM.Collect$$rtexit$$00000003) for __rt_exit_ls
    rtexit.o(.ARM.Collect$$rtexit$$00000000) refers (Special) to rtexit2.o(.ARM.Collect$$rtexit$$00000002) for __rt_exit_prels_1
    rtexit.o(.ARM.exidx) refers (Special) to rtexit2.o(.ARM.Collect$$rtexit$$00000004) for __rt_exit_exit
    rtexit.o(.ARM.exidx) refers (Special) to rtexit2.o(.ARM.Collect$$rtexit$$00000003) for __rt_exit_ls
    rtexit.o(.ARM.exidx) refers (Special) to rtexit2.o(.ARM.Collect$$rtexit$$00000002) for __rt_exit_prels_1
    rtexit.o(.ARM.exidx) refers to rtexit.o(.ARM.Collect$$rtexit$$00000000) for .ARM.Collect$$rtexit$$00000000
    libinit2.o(.ARM.Collect$$libinit$$0000000C) refers to libinit2.o(.ARM.Collect$$libinit$$0000000B) for .ARM.Collect$$libinit$$0000000B
    libinit2.o(.ARM.Collect$$libinit$$0000000E) refers to libinit2.o(.ARM.Collect$$libinit$$0000000B) for .ARM.Collect$$libinit$$0000000B
    libinit2.o(.ARM.Collect$$libinit$$00000010) refers to libinit2.o(.ARM.Collect$$libinit$$0000000B) for .ARM.Collect$$libinit$$0000000B
    libinit2.o(.ARM.Collect$$libinit$$00000012) refers to libinit2.o(.ARM.Collect$$libinit$$0000000B) for .ARM.Collect$$libinit$$0000000B
    libinit2.o(.ARM.Collect$$libinit$$00000014) refers to libinit2.o(.ARM.Collect$$libinit$$0000000B) for .ARM.Collect$$libinit$$0000000B
    libinit2.o(.ARM.Collect$$libinit$$00000022) refers to argv_veneer.o(.emb_text) for __ARM_argv_veneer
    libinit2.o(.ARM.Collect$$libinit$$00000023) refers to argv_veneer.o(.emb_text) for __ARM_argv_veneer
    fpinit.o(x$fpl$fpinit) refers to rt_fp_status_addr_intlibspace.o(.text) for __rt_fp_status_addr
    rtexit2.o(.ARM.Collect$$rtexit$$00000003) refers to libshutdown.o(.ARM.Collect$$libshutdown$$00000000) for __rt_lib_shutdown
    rtexit2.o(.ARM.Collect$$rtexit$$00000004) refers to usart.o(.text) for _sys_exit
    rtexit2.o(.ARM.exidx) refers to rtexit2.o(.ARM.Collect$$rtexit$$00000001) for .ARM.Collect$$rtexit$$00000001
    rtexit2.o(.ARM.exidx) refers to rtexit2.o(.ARM.Collect$$rtexit$$00000003) for .ARM.Collect$$rtexit$$00000003
    rtexit2.o(.ARM.exidx) refers to rtexit2.o(.ARM.Collect$$rtexit$$00000004) for .ARM.Collect$$rtexit$$00000004
    rt_fp_status_addr.o(.text) refers to rt_fp_status_addr.o(.bss) for __rt_fp_status_addr_data
    rt_fp_status_addr_intlibspace.o(.text) refers to libspace.o(.bss) for __libspace_start
    argv_veneer.o(.emb_text) refers to no_argv.o(.text) for __ARM_get_argv
    _get_argv_nomalloc.o(.text) refers (Special) to hrguard.o(.text) for __heap_region$guard
    _get_argv_nomalloc.o(.text) refers to defsig_rtmem_outer.o(.text) for __rt_SIGRTMEM
    _get_argv_nomalloc.o(.text) refers to sys_command.o(.text) for _sys_command_string
    libshutdown.o(.ARM.Collect$$libshutdown$$00000000) refers (Special) to libshutdown2.o(.ARM.Collect$$libshutdown$$00000006) for __rt_lib_shutdown_fp_trap_1
    libshutdown.o(.ARM.Collect$$libshutdown$$00000000) refers (Special) to libshutdown2.o(.ARM.Collect$$libshutdown$$0000000E) for __rt_lib_shutdown_heap_1
    libshutdown.o(.ARM.Collect$$libshutdown$$00000000) refers (Special) to libshutdown2.o(.ARM.Collect$$libshutdown$$0000000F) for __rt_lib_shutdown_return
    libshutdown.o(.ARM.Collect$$libshutdown$$00000000) refers (Special) to libshutdown2.o(.ARM.Collect$$libshutdown$$00000009) for __rt_lib_shutdown_signal_1
    libshutdown.o(.ARM.Collect$$libshutdown$$00000000) refers (Special) to libshutdown2.o(.ARM.Collect$$libshutdown$$00000003) for __rt_lib_shutdown_stdio_1
    libshutdown.o(.ARM.Collect$$libshutdown$$00000000) refers (Special) to libshutdown2.o(.ARM.Collect$$libshutdown$$0000000B) for __rt_lib_shutdown_user_alloc_1
    sys_command.o(.text) refers (Special) to use_no_semi.o(.text) for __I$use$semihosting
    sys_command.o(.text) refers (Special) to indicate_semi.o(.text) for __semihosting_library_function
    defsig_rtmem_outer.o(.text) refers to defsig_rtmem_inner.o(.text) for __rt_SIGRTMEM_inner
    defsig_rtmem_outer.o(.text) refers to defsig_exit.o(.text) for __sig_exit
    defsig_rtmem_formal.o(.text) refers to rt_raise.o(.text) for __rt_raise
    rt_raise.o(.text) refers to __raise.o(.text) for __raise
    rt_raise.o(.text) refers to usart.o(.text) for _sys_exit
    defsig_exit.o(.text) refers to usart.o(.text) for _sys_exit
    defsig_rtmem_inner.o(.text) refers to defsig_general.o(.text) for __default_signal_display
    __raise.o(.text) refers to defsig.o(CL$$defsig) for __default_signal_handler
    defsig_general.o(.text) refers to sys_wrch.o(.text) for _ttywrch
    sys_wrch.o(.text) refers (Special) to use_no_semi.o(.text) for __I$use$semihosting
    sys_wrch.o(.text) refers (Special) to indicate_semi.o(.text) for __semihosting_library_function
    defsig.o(CL$$defsig) refers to defsig_rtmem_inner.o(.text) for __rt_SIGRTMEM_inner
    defsig_abrt_inner.o(.text) refers to defsig_general.o(.text) for __default_signal_display
    defsig_fpe_inner.o(.text) refers to defsig_general.o(.text) for __default_signal_display
    defsig_rtred_inner.o(.text) refers to defsig_general.o(.text) for __default_signal_display
    defsig_stak_inner.o(.text) refers to defsig_general.o(.text) for __default_signal_display
    defsig_pvfn_inner.o(.text) refers to defsig_general.o(.text) for __default_signal_display
    defsig_cppl_inner.o(.text) refers to defsig_general.o(.text) for __default_signal_display
    defsig_segv_inner.o(.text) refers to defsig_general.o(.text) for __default_signal_display
    defsig_other.o(.text) refers to defsig_general.o(.text) for __default_signal_display
    ili93xx.o(i.LCD_SetCursor) refers to ili93xx.o(.text) for LCD_WriteReg
    ili93xx.o(i.LCD_SetCursor) refers to ili93xx.o(.data) for DeviceCode


==============================================================================

Removing Unused input sections from the image.

    Removing adc.o(.text), (460 bytes).
    Removing dma.o(.text), (108 bytes).
    Removing dma.o(.data), (2 bytes).

3 unused section(s) (total 570 bytes) removed from the image.

==============================================================================

Image Symbol Table

    Local Symbols

    Symbol Name                              Value     Ov Type        Size  Object(Section)

    ../../angel/boardlib.s                   0x00000000   Number         0  boardinit3.o ABSOLUTE
    ../../angel/boardlib.s                   0x00000000   Number         0  boardinit2.o ABSOLUTE
    ../../angel/boardlib.s                   0x00000000   Number         0  boardinit1.o ABSOLUTE
    ../../angel/boardlib.s                   0x00000000   Number         0  boardshut.o ABSOLUTE
    ../../angel/handlers.s                   0x00000000   Number         0  __scatter_copy.o ABSOLUTE
    ../../angel/handlers.s                   0x00000000   Number         0  __scatter_zi.o ABSOLUTE
    ../../angel/kernel.s                     0x00000000   Number         0  rtentry2.o ABSOLUTE
    ../../angel/kernel.s                     0x00000000   Number         0  rtentry4.o ABSOLUTE
    ../../angel/kernel.s                     0x00000000   Number         0  rtentry.o ABSOLUTE
    ../../angel/kernel.s                     0x00000000   Number         0  rtexit2.o ABSOLUTE
    ../../angel/kernel.s                     0x00000000   Number         0  rtexit.o ABSOLUTE
    ../../angel/rt.s                         0x00000000   Number         0  rt_fp_status_addr_intlibspace.o ABSOLUTE
    ../../angel/rt.s                         0x00000000   Number         0  rt_errno_addr.o ABSOLUTE
    ../../angel/rt.s                         0x00000000   Number         0  rt_fp_status_addr.o ABSOLUTE
    ../../angel/rt.s                         0x00000000   Number         0  rt_errno_addr_intlibspace.o ABSOLUTE
    ../../angel/rt.s                         0x00000000   Number         0  rt_raise.o ABSOLUTE
    ../../angel/scatter.s                    0x00000000   Number         0  __scatter.o ABSOLUTE
    ../../angel/startup.s                    0x00000000   Number         0  __main.o ABSOLUTE
    ../../angel/sys.s                        0x00000000   Number         0  use_no_semi.o ABSOLUTE
    ../../angel/sys.s                        0x00000000   Number         0  sys_stackheap_outer.o ABSOLUTE
    ../../angel/sys.s                        0x00000000   Number         0  indicate_semi.o ABSOLUTE
    ../../angel/sys.s                        0x00000000   Number         0  use_no_semi_2.o ABSOLUTE
    ../../angel/sys.s                        0x00000000   Number         0  libspace.o ABSOLUTE
    ../../angel/sysapp.c                     0x00000000   Number         0  sys_wrch.o ABSOLUTE
    ../../angel/sysapp.c                     0x00000000   Number         0  sys_command.o ABSOLUTE
    ../../armsys.c                           0x00000000   Number         0  argv_veneer.o ABSOLUTE
    ../../armsys.c                           0x00000000   Number         0  no_argv.o ABSOLUTE
    ../../armsys.c                           0x00000000   Number         0  _get_argv_nomalloc.o ABSOLUTE
    ../../armsys.c                           0x00000000   Number         0  argv_veneer.o ABSOLUTE
    ../../dcmpi.s                            0x00000000   Number         0  dcmpi.o ABSOLUTE
    ../../dfixu.s                            0x00000000   Number         0  dfixu.o ABSOLUTE
    ../../dflt.s                             0x00000000   Number         0  dflt_clz.o ABSOLUTE
    ../../dleqf.s                            0x00000000   Number         0  dleqf.o ABSOLUTE
    ../../dnaninf.s                          0x00000000   Number         0  dnaninf.o ABSOLUTE
    ../../dretinf.s                          0x00000000   Number         0  dretinf.o ABSOLUTE
    ../../drleqf.s                           0x00000000   Number         0  drleqf.o ABSOLUTE
    ../../dsqrt.s                            0x00000000   Number         0  dsqrt_noumaal.o ABSOLUTE
    ../../f2d.s                              0x00000000   Number         0  f2d.o ABSOLUTE
    ../../faddsub.s                          0x00000000   Number         0  faddsub_clz.o ABSOLUTE
    ../../fdiv.s                             0x00000000   Number         0  fdiv.o ABSOLUTE
    ../../fenv.c                             0x00000000   Number         0  _rserrno.o ABSOLUTE
    ../../ffix.s                             0x00000000   Number         0  ffix.o ABSOLUTE
    ../../ffixu.s                            0x00000000   Number         0  ffixu.o ABSOLUTE
    ../../fflt.s                             0x00000000   Number         0  fflt_clz.o ABSOLUTE
    ../../fmul.s                             0x00000000   Number         0  fmul.o ABSOLUTE
    ../../fnaninf.s                          0x00000000   Number         0  fnaninf.o ABSOLUTE
    ../../fpinit.s                           0x00000000   Number         0  fpinit.o ABSOLUTE
    ../../fretinf.s                          0x00000000   Number         0  fretinf.o ABSOLUTE
    ../../heapalloc.c                        0x00000000   Number         0  hrguard.o ABSOLUTE
    ../../heapaux.c                          0x00000000   Number         0  heapauxi.o ABSOLUTE
    ../../libinit.s                          0x00000000   Number         0  libinit.o ABSOLUTE
    ../../libinit.s                          0x00000000   Number         0  libinit2.o ABSOLUTE
    ../../libinit.s                          0x00000000   Number         0  libshutdown.o ABSOLUTE
    ../../libinit.s                          0x00000000   Number         0  libshutdown2.o ABSOLUTE
    ../../printf.c                           0x00000000   Number         0  _printf_char_common.o ABSOLUTE
    ../../printf.c                           0x00000000   Number         0  _printf_char_file.o ABSOLUTE
    ../../printf.c                           0x00000000   Number         0  _printf_intcommon.o ABSOLUTE
    ../../printf.c                           0x00000000   Number         0  _printf_hex_int_ll.o ABSOLUTE
    ../../printf.c                           0x00000000   Number         0  __2printf.o ABSOLUTE
    ../../printf.c                           0x00000000   Number         0  noretval__2printf.o ABSOLUTE
    ../../printf.c                           0x00000000   Number         0  __printf.o ABSOLUTE
    ../../printf.c                           0x00000000   Number         0  _printf_hex_ll.o ABSOLUTE
    ../../printf.c                           0x00000000   Number         0  _printf_hex_int.o ABSOLUTE
    ../../printf.c                           0x00000000   Number         0  _printf_hex_ptr.o ABSOLUTE
    ../../printf.c                           0x00000000   Number         0  _printf_hex_int_ptr.o ABSOLUTE
    ../../printf.c                           0x00000000   Number         0  _printf_hex_ll_ptr.o ABSOLUTE
    ../../printf.c                           0x00000000   Number         0  _printf_hex_int_ll_ptr.o ABSOLUTE
    ../../printf.c                           0x00000000   Number         0  __printf_flags.o ABSOLUTE
    ../../printf.c                           0x00000000   Number         0  __printf_ss.o ABSOLUTE
    ../../printf.c                           0x00000000   Number         0  __printf_flags_ss.o ABSOLUTE
    ../../printf.c                           0x00000000   Number         0  __printf_wp.o ABSOLUTE
    ../../printf.c                           0x00000000   Number         0  __printf_flags_wp.o ABSOLUTE
    ../../printf.c                           0x00000000   Number         0  __printf_ss_wp.o ABSOLUTE
    ../../printf.c                           0x00000000   Number         0  __printf_flags_ss_wp.o ABSOLUTE
    ../../printf.c                           0x00000000   Number         0  __printf_nopercent.o ABSOLUTE
    ../../printf_percent.s                   0x00000000   Number         0  _printf_x.o ABSOLUTE
    ../../printf_percent.s                   0x00000000   Number         0  _printf_percent.o ABSOLUTE
    ../../printf_percent.s                   0x00000000   Number         0  _printf_percent_end.o ABSOLUTE
    ../../signal.c                           0x00000000   Number         0  defsig_other.o ABSOLUTE
    ../../signal.c                           0x00000000   Number         0  defsig_segv_inner.o ABSOLUTE
    ../../signal.c                           0x00000000   Number         0  defsig_exit.o ABSOLUTE
    ../../signal.c                           0x00000000   Number         0  defsig_rtmem_inner.o ABSOLUTE
    ../../signal.c                           0x00000000   Number         0  defsig_rtmem_formal.o ABSOLUTE
    ../../signal.c                           0x00000000   Number         0  defsig_cppl_inner.o ABSOLUTE
    ../../signal.c                           0x00000000   Number         0  defsig_rtmem_outer.o ABSOLUTE
    ../../signal.c                           0x00000000   Number         0  defsig_pvfn_inner.o ABSOLUTE
    ../../signal.c                           0x00000000   Number         0  __raise.o ABSOLUTE
    ../../signal.c                           0x00000000   Number         0  defsig_general.o ABSOLUTE
    ../../signal.c                           0x00000000   Number         0  defsig_stak_inner.o ABSOLUTE
    ../../signal.c                           0x00000000   Number         0  defsig_rtred_inner.o ABSOLUTE
    ../../signal.c                           0x00000000   Number         0  defsig_fpe_inner.o ABSOLUTE
    ../../signal.c                           0x00000000   Number         0  defsig_abrt_inner.o ABSOLUTE
    ../../signal.s                           0x00000000   Number         0  defsig.o ABSOLUTE
    ../../sqrt.c                             0x00000000   Number         0  sqrt_x.o ABSOLUTE
    ../../sqrt.c                             0x00000000   Number         0  sqrt.o ABSOLUTE
    ../../stdio.c                            0x00000000   Number         0  ferror.o ABSOLUTE
    ../../stdio.c                            0x00000000   Number         0  ferror_locked.o ABSOLUTE
    ../../stdlib.c                           0x00000000   Number         0  exit.o ABSOLUTE
    ../../usenofp.s                          0x00000000   Number         0  usenofp.o ABSOLUTE
    ..\HARDWARE\24CXX\24cxx.c                0x00000000   Number         0  24cxx.o ABSOLUTE
    ..\HARDWARE\24CXX\myiic.c                0x00000000   Number         0  myiic.o ABSOLUTE
    ..\HARDWARE\ADC\adc.c                    0x00000000   Number         0  adc.o ABSOLUTE
    ..\HARDWARE\DMA\dma.c                    0x00000000   Number         0  dma.o ABSOLUTE
    ..\HARDWARE\EXTI\exti.c                  0x00000000   Number         0  exti.o ABSOLUTE
    ..\HARDWARE\KEY\key.c                    0x00000000   Number         0  key.o ABSOLUTE
    ..\HARDWARE\LCD\ILI93xx.c                0x00000000   Number         0  ili93xx.o ABSOLUTE
    ..\HARDWARE\LED\led.c                    0x00000000   Number         0  led.o ABSOLUTE
    ..\HARDWARE\POWER\power.c                0x00000000   Number         0  power.o ABSOLUTE
    ..\HARDWARE\RTC\rtc.c                    0x00000000   Number         0  rtc.o ABSOLUTE
    ..\HARDWARE\TIMER\timer.c                0x00000000   Number         0  timer.o ABSOLUTE
    ..\HARDWARE\TOUCH\touch.c                0x00000000   Number         0  touch.o ABSOLUTE
    ..\SYSTEM\delay\delay.c                  0x00000000   Number         0  delay.o ABSOLUTE
    ..\SYSTEM\sys\sys.c                      0x00000000   Number         0  sys.o ABSOLUTE
    ..\SYSTEM\usart\usart.c                  0x00000000   Number         0  usart.o ABSOLUTE
    ..\\SYSTEM\\sys\\sys.c                   0x00000000   Number         0  sys.o ABSOLUTE
    STM32F10x.s                              0x00000000   Number         0  stm32f10x.o ABSOLUTE
    dc.s                                     0x00000000   Number         0  dc.o ABSOLUTE
    test.c                                   0x00000000   Number         0  test.o ABSOLUTE
    RESET                                    0x08000000   Section      236  stm32f10x.o(RESET)
    !!!main                                  0x080000ec   Section        8  __main.o(!!!main)
    !!!scatter                               0x080000f4   Section       52  __scatter.o(!!!scatter)
    !!handler_copy                           0x08000128   Section       26  __scatter_copy.o(!!handler_copy)
    !!handler_zi                             0x08000144   Section       28  __scatter_zi.o(!!handler_zi)
    .ARM.Collect$$_printf_percent$$00000000  0x08000160   Section        0  _printf_percent.o(.ARM.Collect$$_printf_percent$$00000000)
    .ARM.Collect$$_printf_percent$$0000000C  0x08000160   Section        6  _printf_x.o(.ARM.Collect$$_printf_percent$$0000000C)
    .ARM.Collect$$_printf_percent$$00000017  0x08000166   Section        4  _printf_percent_end.o(.ARM.Collect$$_printf_percent$$00000017)
    .ARM.Collect$$libinit$$00000000          0x0800016a   Section        6  libinit.o(.ARM.Collect$$libinit$$00000000)
    .ARM.Collect$$libinit$$00000006          0x08000170   Section        0  libinit2.o(.ARM.Collect$$libinit$$00000006)
    .ARM.Collect$$libinit$$00000008          0x08000170   Section        0  libinit2.o(.ARM.Collect$$libinit$$00000008)
    .ARM.Collect$$libinit$$0000000A          0x08000170   Section        0  libinit2.o(.ARM.Collect$$libinit$$0000000A)
    .ARM.Collect$$libinit$$0000000D          0x08000170   Section        0  libinit2.o(.ARM.Collect$$libinit$$0000000D)
    .ARM.Collect$$libinit$$0000000F          0x08000170   Section        0  libinit2.o(.ARM.Collect$$libinit$$0000000F)
    .ARM.Collect$$libinit$$00000011          0x08000170   Section        0  libinit2.o(.ARM.Collect$$libinit$$00000011)
    .ARM.Collect$$libinit$$00000013          0x08000170   Section        0  libinit2.o(.ARM.Collect$$libinit$$00000013)
    .ARM.Collect$$libinit$$00000015          0x08000170   Section        0  libinit2.o(.ARM.Collect$$libinit$$00000015)
    .ARM.Collect$$libinit$$00000017          0x08000170   Section        0  libinit2.o(.ARM.Collect$$libinit$$00000017)
    .ARM.Collect$$libinit$$00000019          0x08000170   Section        0  libinit2.o(.ARM.Collect$$libinit$$00000019)
    .ARM.Collect$$libinit$$0000001B          0x08000170   Section        0  libinit2.o(.ARM.Collect$$libinit$$0000001B)
    .ARM.Collect$$libinit$$0000001D          0x08000170   Section        0  libinit2.o(.ARM.Collect$$libinit$$0000001D)
    .ARM.Collect$$libinit$$0000001F          0x08000170   Section        0  libinit2.o(.ARM.Collect$$libinit$$0000001F)
    .ARM.Collect$$libinit$$00000021          0x08000170   Section        0  libinit2.o(.ARM.Collect$$libinit$$00000021)
    .ARM.Collect$$libinit$$00000028          0x08000170   Section        0  libinit2.o(.ARM.Collect$$libinit$$00000028)
    .ARM.Collect$$libinit$$0000002A          0x08000170   Section        0  libinit2.o(.ARM.Collect$$libinit$$0000002A)
    .ARM.Collect$$libinit$$0000002C          0x08000170   Section        0  libinit2.o(.ARM.Collect$$libinit$$0000002C)
    .ARM.Collect$$libinit$$0000002E          0x08000170   Section        0  libinit2.o(.ARM.Collect$$libinit$$0000002E)
    .ARM.Collect$$libinit$$0000002F          0x08000170   Section        2  libinit2.o(.ARM.Collect$$libinit$$0000002F)
    .ARM.Collect$$libshutdown$$00000000      0x08000172   Section        2  libshutdown.o(.ARM.Collect$$libshutdown$$00000000)
    .ARM.Collect$$libshutdown$$00000003      0x08000174   Section        0  libshutdown2.o(.ARM.Collect$$libshutdown$$00000003)
    .ARM.Collect$$libshutdown$$00000006      0x08000174   Section        0  libshutdown2.o(.ARM.Collect$$libshutdown$$00000006)
    .ARM.Collect$$libshutdown$$00000009      0x08000174   Section        0  libshutdown2.o(.ARM.Collect$$libshutdown$$00000009)
    .ARM.Collect$$libshutdown$$0000000B      0x08000174   Section        0  libshutdown2.o(.ARM.Collect$$libshutdown$$0000000B)
    .ARM.Collect$$libshutdown$$0000000E      0x08000174   Section        0  libshutdown2.o(.ARM.Collect$$libshutdown$$0000000E)
    .ARM.Collect$$libshutdown$$0000000F      0x08000174   Section        2  libshutdown2.o(.ARM.Collect$$libshutdown$$0000000F)
    .ARM.Collect$$rtentry$$00000000          0x08000176   Section        0  rtentry.o(.ARM.Collect$$rtentry$$00000000)
    .ARM.Collect$$rtentry$$00000002          0x08000176   Section        0  rtentry2.o(.ARM.Collect$$rtentry$$00000002)
    .ARM.Collect$$rtentry$$00000004          0x08000176   Section        6  rtentry4.o(.ARM.Collect$$rtentry$$00000004)
    .ARM.Collect$$rtentry$$00000009          0x0800017c   Section        0  rtentry2.o(.ARM.Collect$$rtentry$$00000009)
    .ARM.Collect$$rtentry$$0000000A          0x0800017c   Section        4  rtentry2.o(.ARM.Collect$$rtentry$$0000000A)
    .ARM.Collect$$rtentry$$0000000C          0x08000180   Section        0  rtentry2.o(.ARM.Collect$$rtentry$$0000000C)
    .ARM.Collect$$rtentry$$0000000D          0x08000180   Section        8  rtentry2.o(.ARM.Collect$$rtentry$$0000000D)
    .ARM.Collect$$rtexit$$00000000           0x08000188   Section        2  rtexit.o(.ARM.Collect$$rtexit$$00000000)
    .ARM.Collect$$rtexit$$00000002           0x0800018a   Section        0  rtexit2.o(.ARM.Collect$$rtexit$$00000002)
    .ARM.Collect$$rtexit$$00000003           0x0800018a   Section        4  rtexit2.o(.ARM.Collect$$rtexit$$00000003)
    .ARM.Collect$$rtexit$$00000004           0x0800018e   Section        6  rtexit2.o(.ARM.Collect$$rtexit$$00000004)
    .emb_text                                0x08000194   Section        2  sys.o(.emb_text)
    .text                                    0x08000198   Section       52  stm32f10x.o(.text)
    .text                                    0x080001cc   Section        0  test.o(.text)
    .text                                    0x08000398   Section        0  delay.o(.text)
    .text                                    0x08000438   Section        0  sys.o(.text)
    .text                                    0x08000720   Section        0  usart.o(.text)
    .text                                    0x08000958   Section        0  24cxx.o(.text)
    .text                                    0x08000ad4   Section        0  myiic.o(.text)
    .text                                    0x08000d44   Section        0  exti.o(.text)
    .text                                    0x08000e8c   Section        0  key.o(.text)
    .text                                    0x08000f8c   Section        0  ili93xx.o(.text)
    .text                                    0x080037e4   Section        0  led.o(.text)
    .text                                    0x08003854   Section        0  rtc.o(.text)
    .text                                    0x08003ddc   Section        0  power.o(.text)
    .text                                    0x08004208   Section        0  timer.o(.text)
    .text                                    0x0800430c   Section        0  touch.o(.text)
    .text                                    0x080051f0   Section        2  use_no_semi_2.o(.text)
    .text                                    0x080051f4   Section        0  noretval__2printf.o(.text)
    .text                                    0x0800520c   Section        0  __printf.o(.text)
    .text                                    0x08005278   Section        0  _printf_hex_int.o(.text)
    .text                                    0x080052d4   Section        0  heapauxi.o(.text)
    .text                                    0x080052da   Section        2  use_no_semi.o(.text)
    .text                                    0x080052dc   Section        0  _rserrno.o(.text)
    .text                                    0x080052f2   Section        0  _printf_intcommon.o(.text)
    .text                                    0x080053ac   Section        0  _printf_char_file.o(.text)
    .text                                    0x080053d0   Section        8  rt_errno_addr_intlibspace.o(.text)
    .text                                    0x080053d8   Section        0  _printf_char_common.o(.text)
    _printf_input_char                       0x080053d9   Thumb Code    10  _printf_char_common.o(.text)
    .text                                    0x08005408   Section        0  ferror.o(.text)
    .text                                    0x08005410   Section        8  libspace.o(.text)
    .text                                    0x08005418   Section       74  sys_stackheap_outer.o(.text)
    .text                                    0x08005462   Section        0  exit.o(.text)
    .text                                    0x08005470   Section        8  rt_fp_status_addr_intlibspace.o(.text)
    i.LCD_SetCursor                          0x08005478   Section        0  ili93xx.o(i.LCD_SetCursor)
    i.sqrt                                   0x08005544   Section        0  sqrt.o(i.sqrt)
    x$fpl$dcmpinf                            0x08005590   Section       24  dcmpi.o(x$fpl$dcmpinf)
    x$fpl$dfixu                              0x080055a8   Section       90  dfixu.o(x$fpl$dfixu)
    x$fpl$dfltu                              0x08005602   Section       38  dflt_clz.o(x$fpl$dfltu)
    x$fpl$dleqf                              0x08005628   Section      120  dleqf.o(x$fpl$dleqf)
    x$fpl$dnaninf                            0x080056a0   Section      156  dnaninf.o(x$fpl$dnaninf)
    x$fpl$dretinf                            0x0800573c   Section       12  dretinf.o(x$fpl$dretinf)
    x$fpl$drleqf                             0x08005748   Section      108  drleqf.o(x$fpl$drleqf)
    x$fpl$dsqrt                              0x080057b4   Section      460  dsqrt_noumaal.o(x$fpl$dsqrt)
    x$fpl$f2d                                0x08005980   Section       86  f2d.o(x$fpl$f2d)
    x$fpl$fadd                               0x080059d8   Section      196  faddsub_clz.o(x$fpl$fadd)
    _fadd1                                   0x080059e7   Thumb Code     0  faddsub_clz.o(x$fpl$fadd)
    x$fpl$fdiv                               0x08005a9c   Section      388  fdiv.o(x$fpl$fdiv)
    _fdiv1                                   0x08005a9d   Thumb Code     0  fdiv.o(x$fpl$fdiv)
    x$fpl$ffix                               0x08005c20   Section       54  ffix.o(x$fpl$ffix)
    x$fpl$ffixu                              0x08005c58   Section       62  ffixu.o(x$fpl$ffixu)
    x$fpl$fflt                               0x08005c98   Section       48  fflt_clz.o(x$fpl$fflt)
    x$fpl$ffltu                              0x08005cc8   Section       38  fflt_clz.o(x$fpl$ffltu)
    x$fpl$fmul                               0x08005cf0   Section      258  fmul.o(x$fpl$fmul)
    x$fpl$fnaninf                            0x08005df2   Section      140  fnaninf.o(x$fpl$fnaninf)
    x$fpl$fpinit                             0x08005e7e   Section       14  fpinit.o(x$fpl$fpinit)
    x$fpl$fretinf                            0x08005e8c   Section       10  fretinf.o(x$fpl$fretinf)
    x$fpl$frsb                               0x08005e96   Section       20  faddsub_clz.o(x$fpl$frsb)
    x$fpl$fsub                               0x08005eac   Section      234  faddsub_clz.o(x$fpl$fsub)
    _fsub1                                   0x08005ebb   Thumb Code     0  faddsub_clz.o(x$fpl$fsub)
    .constdata                               0x08005f96   Section     7372  ili93xx.o(.constdata)
    x$fpl$usenofp                            0x08005f96   Section        0  usenofp.o(x$fpl$usenofp)
    .constdata                               0x08007c62   Section       60  rtc.o(.constdata)
    .constdata                               0x08007c9e   Section       40  _printf_hex_int.o(.constdata)
    uc_hextab                                0x08007c9e   Data          20  _printf_hex_int.o(.constdata)
    lc_hextab                                0x08007cb2   Data          20  _printf_hex_int.o(.constdata)
    .data                                    0x20000000   Section        4  delay.o(.data)
    fac_us                                   0x20000000   Data           1  delay.o(.data)
    fac_ms                                   0x20000002   Data           2  delay.o(.data)
    .data                                    0x20000004   Section       12  usart.o(.data)
    .data                                    0x20000010   Section        1  key.o(.data)
    key_up                                   0x20000010   Data           1  key.o(.data)
    .data                                    0x20000012   Section        6  ili93xx.o(.data)
    .data                                    0x20000018   Section       12  rtc.o(.data)
    daycnt                                   0x20000018   Data           2  rtc.o(.data)
    .data                                    0x20000024   Section       14  power.o(.data)
    .data                                    0x20000032   Section        2  touch.o(.data)
    .bss                                     0x20000034   Section      167  usart.o(.bss)
    .bss                                     0x200000dc   Section       10  rtc.o(.bss)
    .bss                                     0x200000e8   Section       28  touch.o(.bss)
    .bss                                     0x20000104   Section       96  libspace.o(.bss)
    HEAP                                     0x20000168   Section        0  stm32f10x.o(HEAP)
    STACK                                    0x20000168   Section      512  stm32f10x.o(STACK)
    Heap_Mem                                 0x20000168   Data           0  stm32f10x.o(HEAP)
    Stack_Mem                                0x20000168   Data         512  stm32f10x.o(STACK)
    __initial_sp                             0x20000368   Data           0  stm32f10x.o(STACK)

    Global Symbols

    Symbol Name                              Value     Ov Type        Size  Object(Section)

    BuildAttributes$$THM_ISAv4$P$D$K$B$S$PE$A:L22UL41UL21$X:L11$S22US41US21$IEEE1$IW$USESV6$~STKCKD$USESV7$~SHL$OTIME$ROPI$IEEEJ$EBA8$UX$STANDARDLIB$REQ8$PRES8$EABIv2 0x00000000   Number         0  anon$$obj.o ABSOLUTE
    __ARM_use_no_argv                        0x00000000   Number         0  test.o ABSOLUTE
    __ARM_exceptions_init                     - Undefined Weak Reference
    __alloca_initialize                       - Undefined Weak Reference
    __cpp_initialize__aeabi_                  - Undefined Weak Reference
    __cxa_finalize                            - Undefined Weak Reference
    __rt_locale                               - Undefined Weak Reference
    __sigvec_lookup                           - Undefined Weak Reference
    _atexit_init                              - Undefined Weak Reference
    _call_atexit_fns                          - Undefined Weak Reference
    _clock_init                               - Undefined Weak Reference
    _fp_trap_init                             - Undefined Weak Reference
    _fp_trap_shutdown                         - Undefined Weak Reference
    _get_lc_collate                           - Undefined Weak Reference
    _get_lc_ctype                             - Undefined Weak Reference
    _get_lc_monetary                          - Undefined Weak Reference
    _get_lc_numeric                           - Undefined Weak Reference
    _get_lc_time                              - Undefined Weak Reference
    _getenv_init                              - Undefined Weak Reference
    _handle_redirection                       - Undefined Weak Reference
    _init_alloc                               - Undefined Weak Reference
    _init_user_alloc                          - Undefined Weak Reference
    _initio                                   - Undefined Weak Reference
    _mutex_acquire                            - Undefined Weak Reference
    _mutex_release                            - Undefined Weak Reference
    _printf_post_padding                      - Undefined Weak Reference
    _printf_pre_padding                       - Undefined Weak Reference
    _printf_truncate_unsigned                 - Undefined Weak Reference
    _rand_init                                - Undefined Weak Reference
    _signal_finish                            - Undefined Weak Reference
    _signal_init                              - Undefined Weak Reference
    _terminate_alloc                          - Undefined Weak Reference
    _terminate_user_alloc                     - Undefined Weak Reference
    _terminateio                              - Undefined Weak Reference
    __Vectors                                0x08000000   Data           4  stm32f10x.o(RESET)
    __main                                   0x080000ed   Thumb Code     8  __main.o(!!!main)
    __scatterload                            0x080000f5   Thumb Code     0  __scatter.o(!!!scatter)
    __scatterload_rt2                        0x080000f5   Thumb Code    44  __scatter.o(!!!scatter)
    __scatterload_rt2_thumb_only             0x080000f5   Thumb Code     0  __scatter.o(!!!scatter)
    __scatterload_null                       0x08000103   Thumb Code     0  __scatter.o(!!!scatter)
    __scatterload_copy                       0x08000129   Thumb Code    26  __scatter_copy.o(!!handler_copy)
    __scatterload_zeroinit                   0x08000145   Thumb Code    28  __scatter_zi.o(!!handler_zi)
    _printf_percent                          0x08000161   Thumb Code     0  _printf_percent.o(.ARM.Collect$$_printf_percent$$00000000)
    _printf_x                                0x08000161   Thumb Code     0  _printf_x.o(.ARM.Collect$$_printf_percent$$0000000C)
    _printf_percent_end                      0x08000167   Thumb Code     0  _printf_percent_end.o(.ARM.Collect$$_printf_percent$$00000017)
    __rt_lib_init                            0x0800016b   Thumb Code     0  libinit.o(.ARM.Collect$$libinit$$00000000)
    __rt_lib_init_alloca_1                   0x08000171   Thumb Code     0  libinit2.o(.ARM.Collect$$libinit$$0000002A)
    __rt_lib_init_argv_1                     0x08000171   Thumb Code     0  libinit2.o(.ARM.Collect$$libinit$$00000028)
    __rt_lib_init_atexit_1                   0x08000171   Thumb Code     0  libinit2.o(.ARM.Collect$$libinit$$00000017)
    __rt_lib_init_clock_1                    0x08000171   Thumb Code     0  libinit2.o(.ARM.Collect$$libinit$$0000001D)
    __rt_lib_init_cpp_1                      0x08000171   Thumb Code     0  libinit2.o(.ARM.Collect$$libinit$$0000002E)
    __rt_lib_init_exceptions_1               0x08000171   Thumb Code     0  libinit2.o(.ARM.Collect$$libinit$$0000002C)
    __rt_lib_init_fp_trap_1                  0x08000171   Thumb Code     0  libinit2.o(.ARM.Collect$$libinit$$0000001B)
    __rt_lib_init_getenv_1                   0x08000171   Thumb Code     0  libinit2.o(.ARM.Collect$$libinit$$0000001F)
    __rt_lib_init_heap_1                     0x08000171   Thumb Code     0  libinit2.o(.ARM.Collect$$libinit$$00000006)
    __rt_lib_init_lc_collate_1               0x08000171   Thumb Code     0  libinit2.o(.ARM.Collect$$libinit$$0000000D)
    __rt_lib_init_lc_ctype_1                 0x08000171   Thumb Code     0  libinit2.o(.ARM.Collect$$libinit$$0000000F)
    __rt_lib_init_lc_monetary_1              0x08000171   Thumb Code     0  libinit2.o(.ARM.Collect$$libinit$$00000011)
    __rt_lib_init_lc_numeric_1               0x08000171   Thumb Code     0  libinit2.o(.ARM.Collect$$libinit$$00000013)
    __rt_lib_init_lc_time_1                  0x08000171   Thumb Code     0  libinit2.o(.ARM.Collect$$libinit$$00000015)
    __rt_lib_init_rand_1                     0x08000171   Thumb Code     0  libinit2.o(.ARM.Collect$$libinit$$0000000A)
    __rt_lib_init_return                     0x08000171   Thumb Code     0  libinit2.o(.ARM.Collect$$libinit$$0000002F)
    __rt_lib_init_signal_1                   0x08000171   Thumb Code     0  libinit2.o(.ARM.Collect$$libinit$$00000019)
    __rt_lib_init_stdio_1                    0x08000171   Thumb Code     0  libinit2.o(.ARM.Collect$$libinit$$00000021)
    __rt_lib_init_user_alloc_1               0x08000171   Thumb Code     0  libinit2.o(.ARM.Collect$$libinit$$00000008)
    __rt_lib_shutdown                        0x08000173   Thumb Code     0  libshutdown.o(.ARM.Collect$$libshutdown$$00000000)
    __rt_lib_shutdown_fp_trap_1              0x08000175   Thumb Code     0  libshutdown2.o(.ARM.Collect$$libshutdown$$00000006)
    __rt_lib_shutdown_heap_1                 0x08000175   Thumb Code     0  libshutdown2.o(.ARM.Collect$$libshutdown$$0000000E)
    __rt_lib_shutdown_return                 0x08000175   Thumb Code     0  libshutdown2.o(.ARM.Collect$$libshutdown$$0000000F)
    __rt_lib_shutdown_signal_1               0x08000175   Thumb Code     0  libshutdown2.o(.ARM.Collect$$libshutdown$$00000009)
    __rt_lib_shutdown_stdio_1                0x08000175   Thumb Code     0  libshutdown2.o(.ARM.Collect$$libshutdown$$00000003)
    __rt_lib_shutdown_user_alloc_1           0x08000175   Thumb Code     0  libshutdown2.o(.ARM.Collect$$libshutdown$$0000000B)
    __rt_entry                               0x08000177   Thumb Code     0  rtentry.o(.ARM.Collect$$rtentry$$00000000)
    __rt_entry_presh_1                       0x08000177   Thumb Code     0  rtentry2.o(.ARM.Collect$$rtentry$$00000002)
    __rt_entry_sh                            0x08000177   Thumb Code     0  rtentry4.o(.ARM.Collect$$rtentry$$00000004)
    __rt_entry_li                            0x0800017d   Thumb Code     0  rtentry2.o(.ARM.Collect$$rtentry$$0000000A)
    __rt_entry_postsh_1                      0x0800017d   Thumb Code     0  rtentry2.o(.ARM.Collect$$rtentry$$00000009)
    __rt_entry_main                          0x08000181   Thumb Code     0  rtentry2.o(.ARM.Collect$$rtentry$$0000000D)
    __rt_entry_postli_1                      0x08000181   Thumb Code     0  rtentry2.o(.ARM.Collect$$rtentry$$0000000C)
    __rt_exit                                0x08000189   Thumb Code     0  rtexit.o(.ARM.Collect$$rtexit$$00000000)
    __rt_exit_ls                             0x0800018b   Thumb Code     0  rtexit2.o(.ARM.Collect$$rtexit$$00000003)
    __rt_exit_prels_1                        0x0800018b   Thumb Code     0  rtexit2.o(.ARM.Collect$$rtexit$$00000002)
    __rt_exit_exit                           0x0800018f   Thumb Code     0  rtexit2.o(.ARM.Collect$$rtexit$$00000004)
    WFI_SET                                  0x08000195   Thumb Code     2  sys.o(.emb_text)
    Reset_Handler                            0x08000199   Thumb Code     4  stm32f10x.o(.text)
    NMI_Handler                              0x0800019d   Thumb Code     2  stm32f10x.o(.text)
    HardFault_Handler                        0x0800019f   Thumb Code     2  stm32f10x.o(.text)
    MemManage_Handler                        0x080001a1   Thumb Code     2  stm32f10x.o(.text)
    BusFault_Handler                         0x080001a3   Thumb Code     2  stm32f10x.o(.text)
    UsageFault_Handler                       0x080001a5   Thumb Code     2  stm32f10x.o(.text)
    SVC_Handler                              0x080001a7   Thumb Code     2  stm32f10x.o(.text)
    DebugMon_Handler                         0x080001a9   Thumb Code     2  stm32f10x.o(.text)
    PendSV_Handler                           0x080001ab   Thumb Code     2  stm32f10x.o(.text)
    SysTick_Handler                          0x080001ad   Thumb Code     2  stm32f10x.o(.text)
    ADC_IRQHandler                           0x080001af   Thumb Code     0  stm32f10x.o(.text)
    CAN_RX1_IRQHandler                       0x080001af   Thumb Code     0  stm32f10x.o(.text)
    CAN_SCE_IRQHandler                       0x080001af   Thumb Code     0  stm32f10x.o(.text)
    DMAChannel1_IRQHandler                   0x080001af   Thumb Code     0  stm32f10x.o(.text)
    DMAChannel2_IRQHandler                   0x080001af   Thumb Code     0  stm32f10x.o(.text)
    DMAChannel3_IRQHandler                   0x080001af   Thumb Code     0  stm32f10x.o(.text)
    DMAChannel4_IRQHandler                   0x080001af   Thumb Code     0  stm32f10x.o(.text)
    DMAChannel5_IRQHandler                   0x080001af   Thumb Code     0  stm32f10x.o(.text)
    DMAChannel6_IRQHandler                   0x080001af   Thumb Code     0  stm32f10x.o(.text)
    DMAChannel7_IRQHandler                   0x080001af   Thumb Code     0  stm32f10x.o(.text)
    EXTI2_IRQHandler                         0x080001af   Thumb Code     0  stm32f10x.o(.text)
    EXTI3_IRQHandler                         0x080001af   Thumb Code     0  stm32f10x.o(.text)
    EXTI4_IRQHandler                         0x080001af   Thumb Code     0  stm32f10x.o(.text)
    EXTI9_5_IRQHandler                       0x080001af   Thumb Code     0  stm32f10x.o(.text)
    FLASH_IRQHandler                         0x080001af   Thumb Code     0  stm32f10x.o(.text)
    I2C1_ER_IRQHandler                       0x080001af   Thumb Code     0  stm32f10x.o(.text)
    I2C1_EV_IRQHandler                       0x080001af   Thumb Code     0  stm32f10x.o(.text)
    I2C2_ER_IRQHandler                       0x080001af   Thumb Code     0  stm32f10x.o(.text)
    I2C2_EV_IRQHandler                       0x080001af   Thumb Code     0  stm32f10x.o(.text)
    PVD_IRQHandler                           0x080001af   Thumb Code     0  stm32f10x.o(.text)
    RCC_IRQHandler                           0x080001af   Thumb Code     0  stm32f10x.o(.text)
    RTCAlarm_IRQHandler                      0x080001af   Thumb Code     0  stm32f10x.o(.text)
    SPI1_IRQHandler                          0x080001af   Thumb Code     0  stm32f10x.o(.text)
    SPI2_IRQHandler                          0x080001af   Thumb Code     0  stm32f10x.o(.text)
    TAMPER_IRQHandler                        0x080001af   Thumb Code     0  stm32f10x.o(.text)
    TIM1_BRK_IRQHandler                      0x080001af   Thumb Code     0  stm32f10x.o(.text)
    TIM1_CC_IRQHandler                       0x080001af   Thumb Code     0  stm32f10x.o(.text)
    TIM1_TRG_COM_IRQHandler                  0x080001af   Thumb Code     0  stm32f10x.o(.text)
    TIM1_UP_IRQHandler                       0x080001af   Thumb Code     0  stm32f10x.o(.text)
    TIM2_IRQHandler                          0x080001af   Thumb Code     0  stm32f10x.o(.text)
    TIM4_IRQHandler                          0x080001af   Thumb Code     0  stm32f10x.o(.text)
    USART2_IRQHandler                        0x080001af   Thumb Code     0  stm32f10x.o(.text)
    USART3_IRQHandler                        0x080001af   Thumb Code     0  stm32f10x.o(.text)
    USBWakeUp_IRQHandler                     0x080001af   Thumb Code     0  stm32f10x.o(.text)
    USB_HP_CAN_TX_IRQHandler                 0x080001af   Thumb Code     0  stm32f10x.o(.text)
    USB_LP_CAN_RX0_IRQHandler                0x080001af   Thumb Code     0  stm32f10x.o(.text)
    WWDG_IRQHandler                          0x080001af   Thumb Code     0  stm32f10x.o(.text)
    __user_initial_stackheap                 0x080001b1   Thumb Code     0  stm32f10x.o(.text)
    Load_Drow_Dialog                         0x080001cd   Thumb Code    22  test.o(.text)
    main                                     0x080001e3   Thumb Code   414  test.o(.text)
    delay_init                               0x08000399   Thumb Code    44  delay.o(.text)
    delay_ms                                 0x080003c5   Thumb Code    54  delay.o(.text)
    delay_us                                 0x080003fb   Thumb Code    54  delay.o(.text)
    MY_NVIC_SetVectorTable                   0x08000439   Thumb Code    12  sys.o(.text)
    MY_NVIC_PriorityGroupConfig              0x08000445   Thumb Code    36  sys.o(.text)
    MY_NVIC_Init                             0x08000469   Thumb Code   156  sys.o(.text)
    Ex_NVIC_Config                           0x08000505   Thumb Code   144  sys.o(.text)
    MYRCC_DeInit                             0x08000595   Thumb Code    90  sys.o(.text)
    Sys_Standby                              0x080005ef   Thumb Code    68  sys.o(.text)
    Sys_Soft_Reset                           0x08000633   Thumb Code    12  sys.o(.text)
    JTAG_Set                                 0x0800063f   Thumb Code    42  sys.o(.text)
    Stm32_Clock_Init                         0x08000669   Thumb Code   130  sys.o(.text)
    _sys_exit                                0x08000721   Thumb Code     6  usart.o(.text)
    fputc                                    0x08000727   Thumb Code    22  usart.o(.text)
    calccrc                                  0x0800073d   Thumb Code    44  usart.o(.text)
    chkcrc                                   0x08000769   Thumb Code    54  usart.o(.text)
    USART1_IRQHandler                        0x0800079f   Thumb Code   152  usart.o(.text)
    uart_init                                0x08000837   Thumb Code   208  usart.o(.text)
    USART1_Send                              0x08000907   Thumb Code    20  usart.o(.text)
    USART1_SendStr                           0x0800091b   Thumb Code    32  usart.o(.text)
    AT24CXX_Init                             0x08000959   Thumb Code     8  24cxx.o(.text)
    AT24CXX_ReadOneByte                      0x08000961   Thumb Code    88  24cxx.o(.text)
    AT24CXX_WriteOneByte                     0x080009b9   Thumb Code    80  24cxx.o(.text)
    AT24CXX_WriteLenByte                     0x08000a09   Thumb Code    42  24cxx.o(.text)
    AT24CXX_ReadLenByte                      0x08000a33   Thumb Code    44  24cxx.o(.text)
    AT24CXX_Check                            0x08000a5f   Thumb Code    46  24cxx.o(.text)
    AT24CXX_Read                             0x08000a8d   Thumb Code    34  24cxx.o(.text)
    AT24CXX_Write                            0x08000aaf   Thumb Code    36  24cxx.o(.text)
    IIC_Init                                 0x08000ad5   Thumb Code    46  myiic.o(.text)
    IIC_Start                                0x08000b03   Thumb Code    68  myiic.o(.text)
    IIC_Stop                                 0x08000b47   Thumb Code    66  myiic.o(.text)
    IIC_Wait_Ack                             0x08000b89   Thumb Code    82  myiic.o(.text)
    IIC_Ack                                  0x08000bdb   Thumb Code    72  myiic.o(.text)
    IIC_NAck                                 0x08000c23   Thumb Code    72  myiic.o(.text)
    IIC_Send_Byte                            0x08000c6b   Thumb Code    96  myiic.o(.text)
    IIC_Read_Byte                            0x08000ccb   Thumb Code    98  myiic.o(.text)
    EXTI0_IRQHandler                         0x08000d45   Thumb Code    60  exti.o(.text)
    EXTI15_10_IRQHandler                     0x08000d81   Thumb Code    70  exti.o(.text)
    EXTIX_Init                               0x08000dc7   Thumb Code   152  exti.o(.text)
    KEY_Init                                 0x08000e8d   Thumb Code    90  key.o(.text)
    KEY_Scan                                 0x08000ee7   Thumb Code   132  key.o(.text)
    LCD_WR_REG                               0x08000f8d   Thumb Code    28  ili93xx.o(.text)
    LCD_RD_DATA                              0x08000fa9   Thumb Code    98  ili93xx.o(.text)
    LCD_WriteReg                             0x0800100b   Thumb Code    40  ili93xx.o(.text)
    LCD_ReadReg                              0x08001033   Thumb Code    16  ili93xx.o(.text)
    LCD_WriteRAM_Prepare                     0x08001043   Thumb Code    30  ili93xx.o(.text)
    LCD_WriteRAM                             0x08001061   Thumb Code    28  ili93xx.o(.text)
    LCD_BGR2RGB                              0x0800107d   Thumb Code    26  ili93xx.o(.text)
    LCD_ReadPoint                            0x08001097   Thumb Code   292  ili93xx.o(.text)
    LCD_DisplayOn                            0x080011bb   Thumb Code    34  ili93xx.o(.text)
    LCD_DisplayOff                           0x080011dd   Thumb Code    32  ili93xx.o(.text)
    LCD_Scan_Dir                             0x080011fd   Thumb Code   686  ili93xx.o(.text)
    LCD_DrawPoint                            0x080014ab   Thumb Code    52  ili93xx.o(.text)
    LCD_Clear                                0x080014df   Thumb Code    58  ili93xx.o(.text)
    LCD_Init                                 0x08001519   Thumb Code  6718  ili93xx.o(.text)
    LCD_Fill                                 0x08002f57   Thumb Code   114  ili93xx.o(.text)
    LCD_DrawLine                             0x08002fc9   Thumb Code   176  ili93xx.o(.text)
    LCD_DrawRectangle                        0x08003079   Thumb Code    64  ili93xx.o(.text)
    Draw_Circle                              0x080030b9   Thumb Code   176  ili93xx.o(.text)
    LCD_Draw_Point                           0x08003169   Thumb Code    32  ili93xx.o(.text)
    LCD_ShowChar                             0x08003189   Thumb Code   286  ili93xx.o(.text)
    mypow                                    0x080032a7   Thumb Code    22  ili93xx.o(.text)
    LCD_ShowNum                              0x080032bd   Thumb Code   148  ili93xx.o(.text)
    LCD_Show2Num                             0x08003351   Thumb Code    92  ili93xx.o(.text)
    Test_Show_CH_Font24                      0x080033ad   Thumb Code   188  ili93xx.o(.text)
    Test_Show_CH_Font32                      0x08003469   Thumb Code   198  ili93xx.o(.text)
    Test_Show_CHAR_Font48                    0x0800352f   Thumb Code   294  ili93xx.o(.text)
    Test_Show_CH_Font64                      0x08003655   Thumb Code   312  ili93xx.o(.text)
    LCD_ShowString                           0x0800378d   Thumb Code    74  ili93xx.o(.text)
    LED_Init                                 0x080037e5   Thumb Code   100  led.o(.text)
    RTC_Get_Week                             0x08003855   Thumb Code   114  rtc.o(.text)
    Is_Leap_Year                             0x080038c7   Thumb Code    58  rtc.o(.text)
    RTC_Get                                  0x08003901   Thumb Code   242  rtc.o(.text)
    RTC_Set                                  0x080039f3   Thumb Code   248  rtc.o(.text)
    str_cmpx                                 0x08003aeb   Thumb Code    36  rtc.o(.text)
    Auto_Time_Set                            0x08003b0f   Thumb Code   256  rtc.o(.text)
    RTC_Init                                 0x08003c0f   Thumb Code   388  rtc.o(.text)
    RTC_IRQHandler                           0x08003d93   Thumb Code    66  rtc.o(.text)
    face_display                             0x08003ddd   Thumb Code   346  power.o(.text)
    read_data                                0x08003f37   Thumb Code    64  power.o(.text)
    clear_data                               0x08003f77   Thumb Code    78  power.o(.text)
    Analysis_data                            0x08003fc5   Thumb Code   128  power.o(.text)
    data_display                             0x08004045   Thumb Code   452  power.o(.text)
    TIM3_IRQHandler                          0x08004209   Thumb Code    30  timer.o(.text)
    Timerx_Init                              0x08004227   Thumb Code    74  timer.o(.text)
    PWM_Init                                 0x08004271   Thumb Code   144  timer.o(.text)
    ADS_Write_Byte                           0x0800430d   Thumb Code    64  touch.o(.text)
    ADS_Read_AD                              0x0800434d   Thumb Code   102  touch.o(.text)
    ADS_Read_XY                              0x080043b3   Thumb Code   124  touch.o(.text)
    Read_ADS                                 0x0800442f   Thumb Code    50  touch.o(.text)
    Read_ADS2                                0x08004461   Thumb Code   192  touch.o(.text)
    Pen_Int_Set                              0x08004521   Thumb Code    30  touch.o(.text)
    Read_TP_Once                             0x0800453f   Thumb Code    64  touch.o(.text)
    Drow_Touch_Point                         0x0800457f   Thumb Code    98  touch.o(.text)
    Draw_Big_Point                           0x080045e1   Thumb Code    44  touch.o(.text)
    Convert_Pos                              0x0800460d   Thumb Code   118  touch.o(.text)
    EXTI1_IRQHandler                         0x08004683   Thumb Code    16  touch.o(.text)
    Save_Adjdata                             0x08004693   Thumb Code   154  touch.o(.text)
    Get_Adjdata                              0x0800472d   Thumb Code   148  touch.o(.text)
    ADJ_INFO_SHOW                            0x080047c1   Thumb Code    66  touch.o(.text)
    Touch_Adjust                             0x08004803   Thumb Code  2260  touch.o(.text)
    Touch_Init                               0x080050d7   Thumb Code   206  touch.o(.text)
    __use_no_semihosting                     0x080051f1   Thumb Code     2  use_no_semi_2.o(.text)
    __2printf                                0x080051f5   Thumb Code    20  noretval__2printf.o(.text)
    __printf                                 0x0800520d   Thumb Code   106  __printf.o(.text)
    _printf_int_hex                          0x08005279   Thumb Code    88  _printf_hex_int.o(.text)
    _printf_longlong_hex                     0x08005279   Thumb Code     0  _printf_hex_int.o(.text)
    __use_two_region_memory                  0x080052d5   Thumb Code     2  heapauxi.o(.text)
    __rt_heap_escrow$2region                 0x080052d7   Thumb Code     2  heapauxi.o(.text)
    __rt_heap_expand$2region                 0x080052d9   Thumb Code     2  heapauxi.o(.text)
    __I$use$semihosting                      0x080052db   Thumb Code     0  use_no_semi.o(.text)
    __use_no_semihosting_swi                 0x080052db   Thumb Code     2  use_no_semi.o(.text)
    __read_errno                             0x080052dd   Thumb Code    10  _rserrno.o(.text)
    __set_errno                              0x080052e7   Thumb Code    12  _rserrno.o(.text)
    _printf_int_common                       0x080052f3   Thumb Code   184  _printf_intcommon.o(.text)
    _printf_char_file                        0x080053ad   Thumb Code    32  _printf_char_file.o(.text)
    __aeabi_errno_addr                       0x080053d1   Thumb Code     8  rt_errno_addr_intlibspace.o(.text)
    __errno$intlibspace                      0x080053d1   Thumb Code     0  rt_errno_addr_intlibspace.o(.text)
    __rt_errno_addr$intlibspace              0x080053d1   Thumb Code     0  rt_errno_addr_intlibspace.o(.text)
    _printf_char_common                      0x080053e3   Thumb Code    32  _printf_char_common.o(.text)
    ferror                                   0x08005409   Thumb Code     8  ferror.o(.text)
    __user_libspace                          0x08005411   Thumb Code     8  libspace.o(.text)
    __user_perproc_libspace                  0x08005411   Thumb Code     0  libspace.o(.text)
    __user_perthread_libspace                0x08005411   Thumb Code     0  libspace.o(.text)
    __user_setup_stackheap                   0x08005419   Thumb Code    74  sys_stackheap_outer.o(.text)
    exit                                     0x08005463   Thumb Code    12  exit.o(.text)
    __rt_fp_status_addr                      0x08005471   Thumb Code     8  rt_fp_status_addr_intlibspace.o(.text)
    LCD_SetCursor                            0x08005479   Thumb Code   192  ili93xx.o(i.LCD_SetCursor)
    sqrt                                     0x08005545   Thumb Code    76  sqrt.o(i.sqrt)
    __fpl_dcmp_Inf                           0x08005591   Thumb Code    24  dcmpi.o(x$fpl$dcmpinf)
    __aeabi_d2uiz                            0x080055a9   Thumb Code     0  dfixu.o(x$fpl$dfixu)
    _dfixu                                   0x080055a9   Thumb Code    90  dfixu.o(x$fpl$dfixu)
    __aeabi_ui2d                             0x08005603   Thumb Code     0  dflt_clz.o(x$fpl$dfltu)
    _dfltu                                   0x08005603   Thumb Code    38  dflt_clz.o(x$fpl$dfltu)
    __aeabi_cdcmple                          0x08005629   Thumb Code     0  dleqf.o(x$fpl$dleqf)
    _dcmple                                  0x08005629   Thumb Code   120  dleqf.o(x$fpl$dleqf)
    __fpl_dcmple_InfNaN                      0x0800568b   Thumb Code     0  dleqf.o(x$fpl$dleqf)
    __fpl_dnaninf                            0x080056a1   Thumb Code   156  dnaninf.o(x$fpl$dnaninf)
    __fpl_dretinf                            0x0800573d   Thumb Code    12  dretinf.o(x$fpl$dretinf)
    __aeabi_cdrcmple                         0x08005749   Thumb Code     0  drleqf.o(x$fpl$drleqf)
    _drcmple                                 0x08005749   Thumb Code   108  drleqf.o(x$fpl$drleqf)
    _dsqrt                                   0x080057b5   Thumb Code   456  dsqrt_noumaal.o(x$fpl$dsqrt)
    __aeabi_f2d                              0x08005981   Thumb Code     0  f2d.o(x$fpl$f2d)
    _f2d                                     0x08005981   Thumb Code    86  f2d.o(x$fpl$f2d)
    __aeabi_fadd                             0x080059d9   Thumb Code     0  faddsub_clz.o(x$fpl$fadd)
    _fadd                                    0x080059d9   Thumb Code   196  faddsub_clz.o(x$fpl$fadd)
    __aeabi_fdiv                             0x08005a9d   Thumb Code     0  fdiv.o(x$fpl$fdiv)
    _fdiv                                    0x08005a9d   Thumb Code   384  fdiv.o(x$fpl$fdiv)
    __aeabi_f2iz                             0x08005c21   Thumb Code     0  ffix.o(x$fpl$ffix)
    _ffix                                    0x08005c21   Thumb Code    54  ffix.o(x$fpl$ffix)
    __aeabi_f2uiz                            0x08005c59   Thumb Code     0  ffixu.o(x$fpl$ffixu)
    _ffixu                                   0x08005c59   Thumb Code    62  ffixu.o(x$fpl$ffixu)
    __aeabi_i2f                              0x08005c99   Thumb Code     0  fflt_clz.o(x$fpl$fflt)
    _fflt                                    0x08005c99   Thumb Code    48  fflt_clz.o(x$fpl$fflt)
    __aeabi_ui2f                             0x08005cc9   Thumb Code     0  fflt_clz.o(x$fpl$ffltu)
    _ffltu                                   0x08005cc9   Thumb Code    38  fflt_clz.o(x$fpl$ffltu)
    __aeabi_fmul                             0x08005cf1   Thumb Code     0  fmul.o(x$fpl$fmul)
    _fmul                                    0x08005cf1   Thumb Code   258  fmul.o(x$fpl$fmul)
    __fpl_fnaninf                            0x08005df3   Thumb Code   140  fnaninf.o(x$fpl$fnaninf)
    _fp_init                                 0x08005e7f   Thumb Code    14  fpinit.o(x$fpl$fpinit)
    __fplib_config_pureend_doubles           0x08005e8b   Thumb Code     0  fpinit.o(x$fpl$fpinit)
    __fpl_fretinf                            0x08005e8d   Thumb Code    10  fretinf.o(x$fpl$fretinf)
    __aeabi_frsub                            0x08005e97   Thumb Code     0  faddsub_clz.o(x$fpl$frsb)
    _frsb                                    0x08005e97   Thumb Code    20  faddsub_clz.o(x$fpl$frsb)
    __aeabi_fsub                             0x08005ead   Thumb Code     0  faddsub_clz.o(x$fpl$fsub)
    _fsub                                    0x08005ead   Thumb Code   234  faddsub_clz.o(x$fpl$fsub)
    __I$use$fp                               0x08005f97   Thumb Code     0  usenofp.o(x$fpl$usenofp)
    asc2_1206                                0x08005f96   Data        1140  ili93xx.o(.constdata)
    asc2_1608                                0x0800640a   Data        1520  ili93xx.o(.constdata)
    tfont16                                  0x080069fa   Data         160  ili93xx.o(.constdata)
    tfont24                                  0x08006a9a   Data        1224  ili93xx.o(.constdata)
    tfont32                                  0x08006f62   Data         896  ili93xx.o(.constdata)
    tfont64                                  0x080072e2   Data         512  ili93xx.o(.constdata)
    asc2_3216                                0x080074e2   Data        1920  ili93xx.o(.constdata)
    table_week                               0x08007c62   Data          12  rtc.o(.constdata)
    mon_table                                0x08007c6e   Data          12  rtc.o(.constdata)
    Month_Tab                                0x08007c7a   Data          36  rtc.o(.constdata)
    Region$$Table$$Base                      0x08007cc8   Number         0  anon$$obj.o(Region$$Table)
    Region$$Table$$Limit                     0x08007ce8   Number         0  anon$$obj.o(Region$$Table)
    USART1_ReFlag                            0x20000004   Data           1  usart.o(.data)
    USART_RX_STA                             0x20000005   Data           1  usart.o(.data)
    __stdout                                 0x20000008   Data           4  usart.o(.data)
    crcnow                                   0x2000000c   Data           4  usart.o(.data)
    POINT_COLOR                              0x20000012   Data           2  ili93xx.o(.data)
    BACK_COLOR                               0x20000014   Data           2  ili93xx.o(.data)
    DeviceCode                               0x20000016   Data           2  ili93xx.o(.data)
    COMPILED_DATE                            0x2000001c   Data           4  rtc.o(.data)
    COMPILED_TIME                            0x20000020   Data           4  rtc.o(.data)
    Voltage_data                             0x20000024   Data           2  power.o(.data)
    Current_data                             0x20000026   Data           2  power.o(.data)
    Power_data                               0x20000028   Data           2  power.o(.data)
    Energy_data                              0x2000002c   Data           4  power.o(.data)
    Pf_data                                  0x20000030   Data           2  power.o(.data)
    CMD_RDX                                  0x20000032   Data           1  touch.o(.data)
    CMD_RDY                                  0x20000033   Data           1  touch.o(.data)
    USART_RX_BUF                             0x20000034   Data          64  usart.o(.bss)
    USART_TX_BUF                             0x20000074   Data          64  usart.o(.bss)
    USART1_Buf                               0x200000b4   Data          39  usart.o(.bss)
    timer                                    0x200000dc   Data          10  rtc.o(.bss)
    Pen_Point                                0x200000e8   Data          28  touch.o(.bss)
    __libspace_start                         0x20000104   Data          96  libspace.o(.bss)
    __temporary_stack_top$libspace           0x20000164   Data           0  libspace.o(.bss)



==============================================================================

Memory Map of the image

  Image Entry point : 0x080000ed

  Load Region LR_IROM1 (Base: 0x08000000, Size: 0x00007d1c, Max: 0x00020000, ABSOLUTE)

    Execution Region ER_IROM1 (Base: 0x08000000, Size: 0x00007ce8, Max: 0x00020000, ABSOLUTE)

    Base Addr    Size         Type   Attr      Idx    E Section Name        Object

    0x08000000   0x000000ec   Data   RO            3    RESET               stm32f10x.o
    0x080000ec   0x00000008   Code   RO          479  * !!!main             c_w.l(__main.o)
    0x080000f4   0x00000034   Code   RO          717    !!!scatter          c_w.l(__scatter.o)
    0x08000128   0x0000001a   Code   RO          719    !!handler_copy      c_w.l(__scatter_copy.o)
    0x08000142   0x00000002   PAD
    0x08000144   0x0000001c   Code   RO          721    !!handler_zi        c_w.l(__scatter_zi.o)
    0x08000160   0x00000000   Code   RO          476    .ARM.Collect$$_printf_percent$$00000000  c_w.l(_printf_percent.o)
    0x08000160   0x00000006   Code   RO          475    .ARM.Collect$$_printf_percent$$0000000C  c_w.l(_printf_x.o)
    0x08000166   0x00000004   Code   RO          540    .ARM.Collect$$_printf_percent$$00000017  c_w.l(_printf_percent_end.o)
    0x0800016a   0x00000006   Code   RO          594    .ARM.Collect$$libinit$$00000000  c_w.l(libinit.o)
    0x08000170   0x00000000   Code   RO          599    .ARM.Collect$$libinit$$00000006  c_w.l(libinit2.o)
    0x08000170   0x00000000   Code   RO          601    .ARM.Collect$$libinit$$00000008  c_w.l(libinit2.o)
    0x08000170   0x00000000   Code   RO          603    .ARM.Collect$$libinit$$0000000A  c_w.l(libinit2.o)
    0x08000170   0x00000000   Code   RO          606    .ARM.Collect$$libinit$$0000000D  c_w.l(libinit2.o)
    0x08000170   0x00000000   Code   RO          608    .ARM.Collect$$libinit$$0000000F  c_w.l(libinit2.o)
    0x08000170   0x00000000   Code   RO          610    .ARM.Collect$$libinit$$00000011  c_w.l(libinit2.o)
    0x08000170   0x00000000   Code   RO          612    .ARM.Collect$$libinit$$00000013  c_w.l(libinit2.o)
    0x08000170   0x00000000   Code   RO          614    .ARM.Collect$$libinit$$00000015  c_w.l(libinit2.o)
    0x08000170   0x00000000   Code   RO          616    .ARM.Collect$$libinit$$00000017  c_w.l(libinit2.o)
    0x08000170   0x00000000   Code   RO          618    .ARM.Collect$$libinit$$00000019  c_w.l(libinit2.o)
    0x08000170   0x00000000   Code   RO          620    .ARM.Collect$$libinit$$0000001B  c_w.l(libinit2.o)
    0x08000170   0x00000000   Code   RO          622    .ARM.Collect$$libinit$$0000001D  c_w.l(libinit2.o)
    0x08000170   0x00000000   Code   RO          624    .ARM.Collect$$libinit$$0000001F  c_w.l(libinit2.o)
    0x08000170   0x00000000   Code   RO          626    .ARM.Collect$$libinit$$00000021  c_w.l(libinit2.o)
    0x08000170   0x00000000   Code   RO          630    .ARM.Collect$$libinit$$00000028  c_w.l(libinit2.o)
    0x08000170   0x00000000   Code   RO          632    .ARM.Collect$$libinit$$0000002A  c_w.l(libinit2.o)
    0x08000170   0x00000000   Code   RO          634    .ARM.Collect$$libinit$$0000002C  c_w.l(libinit2.o)
    0x08000170   0x00000000   Code   RO          636    .ARM.Collect$$libinit$$0000002E  c_w.l(libinit2.o)
    0x08000170   0x00000002   Code   RO          637    .ARM.Collect$$libinit$$0000002F  c_w.l(libinit2.o)
    0x08000172   0x00000002   Code   RO          660    .ARM.Collect$$libshutdown$$00000000  c_w.l(libshutdown.o)
    0x08000174   0x00000000   Code   RO          671    .ARM.Collect$$libshutdown$$00000003  c_w.l(libshutdown2.o)
    0x08000174   0x00000000   Code   RO          674    .ARM.Collect$$libshutdown$$00000006  c_w.l(libshutdown2.o)
    0x08000174   0x00000000   Code   RO          677    .ARM.Collect$$libshutdown$$00000009  c_w.l(libshutdown2.o)
    0x08000174   0x00000000   Code   RO          679    .ARM.Collect$$libshutdown$$0000000B  c_w.l(libshutdown2.o)
    0x08000174   0x00000000   Code   RO          682    .ARM.Collect$$libshutdown$$0000000E  c_w.l(libshutdown2.o)
    0x08000174   0x00000002   Code   RO          683    .ARM.Collect$$libshutdown$$0000000F  c_w.l(libshutdown2.o)
    0x08000176   0x00000000   Code   RO          533    .ARM.Collect$$rtentry$$00000000  c_w.l(rtentry.o)
    0x08000176   0x00000000   Code   RO          555    .ARM.Collect$$rtentry$$00000002  c_w.l(rtentry2.o)
    0x08000176   0x00000006   Code   RO          567    .ARM.Collect$$rtentry$$00000004  c_w.l(rtentry4.o)
    0x0800017c   0x00000000   Code   RO          557    .ARM.Collect$$rtentry$$00000009  c_w.l(rtentry2.o)
    0x0800017c   0x00000004   Code   RO          558    .ARM.Collect$$rtentry$$0000000A  c_w.l(rtentry2.o)
    0x08000180   0x00000000   Code   RO          560    .ARM.Collect$$rtentry$$0000000C  c_w.l(rtentry2.o)
    0x08000180   0x00000008   Code   RO          561    .ARM.Collect$$rtentry$$0000000D  c_w.l(rtentry2.o)
    0x08000188   0x00000002   Code   RO          595    .ARM.Collect$$rtexit$$00000000  c_w.l(rtexit.o)
    0x0800018a   0x00000000   Code   RO          641    .ARM.Collect$$rtexit$$00000002  c_w.l(rtexit2.o)
    0x0800018a   0x00000004   Code   RO          642    .ARM.Collect$$rtexit$$00000003  c_w.l(rtexit2.o)
    0x0800018e   0x00000006   Code   RO          643    .ARM.Collect$$rtexit$$00000004  c_w.l(rtexit2.o)
    0x08000194   0x00000002   Code   RO          186    .emb_text           sys.o
    0x08000196   0x00000002   PAD
    0x08000198   0x00000034   Code   RO            4    .text               stm32f10x.o
    0x080001cc   0x000001cc   Code   RO           10    .text               test.o
    0x08000398   0x000000a0   Code   RO          172    .text               delay.o
    0x08000438   0x000002e8   Code   RO          187    .text               sys.o
    0x08000720   0x00000238   Code   RO          202    .text               usart.o
    0x08000958   0x0000017a   Code   RO          225    .text               24cxx.o
    0x08000ad2   0x00000002   PAD
    0x08000ad4   0x00000270   Code   RO          237    .text               myiic.o
    0x08000d44   0x00000148   Code   RO          276    .text               exti.o
    0x08000e8c   0x00000100   Code   RO          288    .text               key.o
    0x08000f8c   0x00002858   Code   RO          301    .text               ili93xx.o
    0x080037e4   0x00000070   Code   RO          339    .text               led.o
    0x08003854   0x00000588   Code   RO          351    .text               rtc.o
    0x08003ddc   0x0000042c   Code   RO          371    .text               power.o
    0x08004208   0x00000104   Code   RO          389    .text               timer.o
    0x0800430c   0x00000ee4   Code   RO          401    .text               touch.o
    0x080051f0   0x00000002   Code   RO          426    .text               c_w.l(use_no_semi_2.o)
    0x080051f2   0x00000002   PAD
    0x080051f4   0x00000018   Code   RO          430    .text               c_w.l(noretval__2printf.o)
    0x0800520c   0x0000006a   Code   RO          432    .text               c_w.l(__printf.o)
    0x08005276   0x00000002   PAD
    0x08005278   0x0000005c   Code   RO          437    .text               c_w.l(_printf_hex_int.o)
    0x080052d4   0x00000006   Code   RO          477    .text               c_w.l(heapauxi.o)
    0x080052da   0x00000002   Code   RO          531    .text               c_w.l(use_no_semi.o)
    0x080052dc   0x00000016   Code   RO          534    .text               c_w.l(_rserrno.o)
    0x080052f2   0x000000b8   Code   RO          536    .text               c_w.l(_printf_intcommon.o)
    0x080053aa   0x00000002   PAD
    0x080053ac   0x00000024   Code   RO          538    .text               c_w.l(_printf_char_file.o)
    0x080053d0   0x00000008   Code   RO          572    .text               c_w.l(rt_errno_addr_intlibspace.o)
    0x080053d8   0x00000030   Code   RO          574    .text               c_w.l(_printf_char_common.o)
    0x08005408   0x00000008   Code   RO          576    .text               c_w.l(ferror.o)
    0x08005410   0x00000008   Code   RO          580    .text               c_w.l(libspace.o)
    0x08005418   0x0000004a   Code   RO          583    .text               c_w.l(sys_stackheap_outer.o)
    0x08005462   0x0000000c   Code   RO          587    .text               c_w.l(exit.o)
    0x0800546e   0x00000002   PAD
    0x08005470   0x00000008   Code   RO          650    .text               c_w.l(rt_fp_status_addr_intlibspace.o)
    0x08005478   0x000000cc   Code   RO          314    i.LCD_SetCursor     ili93xx.o
    0x08005544   0x0000004c   Code   RO          524    i.sqrt              m_ws.l(sqrt.o)
    0x08005590   0x00000018   Code   RO          541    x$fpl$dcmpinf       fz_ws.l(dcmpi.o)
    0x080055a8   0x0000005a   Code   RO          481    x$fpl$dfixu         fz_ws.l(dfixu.o)
    0x08005602   0x00000026   Code   RO          485    x$fpl$dfltu         fz_ws.l(dflt_clz.o)
    0x08005628   0x00000078   Code   RO          491    x$fpl$dleqf         fz_ws.l(dleqf.o)
    0x080056a0   0x0000009c   Code   RO          543    x$fpl$dnaninf       fz_ws.l(dnaninf.o)
    0x0800573c   0x0000000c   Code   RO          545    x$fpl$dretinf       fz_ws.l(dretinf.o)
    0x08005748   0x0000006c   Code   RO          493    x$fpl$drleqf        fz_ws.l(drleqf.o)
    0x080057b4   0x000001cc   Code   RO          547    x$fpl$dsqrt         fz_ws.l(dsqrt_noumaal.o)
    0x08005980   0x00000056   Code   RO          495    x$fpl$f2d           fz_ws.l(f2d.o)
    0x080059d6   0x00000002   PAD
    0x080059d8   0x000000c4   Code   RO          497    x$fpl$fadd          fz_ws.l(faddsub_clz.o)
    0x08005a9c   0x00000184   Code   RO          504    x$fpl$fdiv          fz_ws.l(fdiv.o)
    0x08005c20   0x00000036   Code   RO          507    x$fpl$ffix          fz_ws.l(ffix.o)
    0x08005c56   0x00000002   PAD
    0x08005c58   0x0000003e   Code   RO          511    x$fpl$ffixu         fz_ws.l(ffixu.o)
    0x08005c96   0x00000002   PAD
    0x08005c98   0x00000030   Code   RO          516    x$fpl$fflt          fz_ws.l(fflt_clz.o)
    0x08005cc8   0x00000026   Code   RO          515    x$fpl$ffltu         fz_ws.l(fflt_clz.o)
    0x08005cee   0x00000002   PAD
    0x08005cf0   0x00000102   Code   RO          521    x$fpl$fmul          fz_ws.l(fmul.o)
    0x08005df2   0x0000008c   Code   RO          549    x$fpl$fnaninf       fz_ws.l(fnaninf.o)
    0x08005e7e   0x0000000e   Code   RO          638    x$fpl$fpinit        fz_ws.l(fpinit.o)
    0x08005e8c   0x0000000a   Code   RO          551    x$fpl$fretinf       fz_ws.l(fretinf.o)
    0x08005e96   0x00000014   Code   RO          498    x$fpl$frsb          fz_ws.l(faddsub_clz.o)
    0x08005eaa   0x00000002   PAD
    0x08005eac   0x000000ea   Code   RO          499    x$fpl$fsub          fz_ws.l(faddsub_clz.o)
    0x08005f96   0x00000000   Code   RO          553    x$fpl$usenofp       fz_ws.l(usenofp.o)
    0x08005f96   0x00001ccc   Data   RO          302    .constdata          ili93xx.o
    0x08007c62   0x0000003c   Data   RO          353    .constdata          rtc.o
    0x08007c9e   0x00000028   Data   RO          438    .constdata          c_w.l(_printf_hex_int.o)
    0x08007cc6   0x00000002   PAD
    0x08007cc8   0x00000020   Data   RO          715    Region$$Table       anon$$obj.o


    Execution Region RW_IRAM1 (Base: 0x20000000, Size: 0x00000368, Max: 0x00005000, ABSOLUTE)

    Base Addr    Size         Type   Attr      Idx    E Section Name        Object

    0x20000000   0x00000004   Data   RW          173    .data               delay.o
    0x20000004   0x0000000c   Data   RW          204    .data               usart.o
    0x20000010   0x00000001   Data   RW          289    .data               key.o
    0x20000011   0x00000001   PAD
    0x20000012   0x00000006   Data   RW          303    .data               ili93xx.o
    0x20000018   0x0000000c   Data   RW          354    .data               rtc.o
    0x20000024   0x0000000e   Data   RW          372    .data               power.o
    0x20000032   0x00000002   Data   RW          403    .data               touch.o
    0x20000034   0x000000a7   Zero   RW          203    .bss                usart.o
    0x200000db   0x00000001   PAD
    0x200000dc   0x0000000a   Zero   RW          352    .bss                rtc.o
    0x200000e6   0x00000002   PAD
    0x200000e8   0x0000001c   Zero   RW          402    .bss                touch.o
    0x20000104   0x00000060   Zero   RW          581    .bss                c_w.l(libspace.o)
    0x20000164   0x00000004   PAD
    0x20000168   0x00000000   Zero   RW            2    HEAP                stm32f10x.o
    0x20000168   0x00000200   Zero   RW            1    STACK               stm32f10x.o


==============================================================================

Image component sizes


      Code (inc. data)   RO Data    RW Data    ZI Data      Debug   Object Name

       378          0          0          0          0       2722   24cxx.o
       160          8          0          4          0        959   delay.o
       328         46          0          0          0        759   exti.o
     10532        178       7372          6          0      16239   ili93xx.o
       256         34          0          1          0        736   key.o
       112         12          0          0          0        407   led.o
       624         24          0          0          0       1836   myiic.o
      1068         70          0         14          0       1870   power.o
      1416         66         60         12         10       4342   rtc.o
        52         18        236          0        512        744   stm32f10x.o
       746         54          0          0          0       2703   sys.o
       460         24          0          0          0       3396   test.o
       260         12          0          0          0        875   timer.o
      3812        334          0          2         28       6325   touch.o
       568         30          0         12        167       4661   usart.o

    ----------------------------------------------------------------------
     20776        910       7700         52        720      48574   Object Totals
         0          0         32          0          0          0   (incl. Generated)
         4          0          0          1          3          0   (incl. Padding)

    ----------------------------------------------------------------------

      Code (inc. data)   RO Data    RW Data    ZI Data      Debug   Library Member Name

         8          0          0          0          0         68   __main.o
       106          0          0          0          0         84   __printf.o
        52          8          0          0          0          0   __scatter.o
        26          0          0          0          0          0   __scatter_copy.o
        28          0          0          0          0          0   __scatter_zi.o
        48          6          0          0          0         96   _printf_char_common.o
        36          4          0          0          0         80   _printf_char_file.o
        92          4         40          0          0         88   _printf_hex_int.o
       184          0          0          0          0         88   _printf_intcommon.o
         0          0          0          0          0          0   _printf_percent.o
         4          0          0          0          0          0   _printf_percent_end.o
         6          0          0          0          0          0   _printf_x.o
        22          0          0          0          0        100   _rserrno.o
        12          0          0          0          0         72   exit.o
         8          0          0          0          0         68   ferror.o
         6          0          0          0          0        152   heapauxi.o
         6          0          0          0          0          0   libinit.o
         2          0          0          0          0          0   libinit2.o
         2          0          0          0          0          0   libshutdown.o
         2          0          0          0          0          0   libshutdown2.o
         8          4          0          0         96         68   libspace.o
        24          4          0          0          0         84   noretval__2printf.o
         8          4          0          0          0         68   rt_errno_addr_intlibspace.o
         8          4          0          0          0         68   rt_fp_status_addr_intlibspace.o
         0          0          0          0          0          0   rtentry.o
        12          0          0          0          0          0   rtentry2.o
         6          0          0          0          0          0   rtentry4.o
         2          0          0          0          0          0   rtexit.o
        10          0          0          0          0          0   rtexit2.o
        74          0          0          0          0         80   sys_stackheap_outer.o
         2          0          0          0          0         68   use_no_semi.o
         2          0          0          0          0         68   use_no_semi_2.o
        24          0          0          0          0         68   dcmpi.o
        90          4          0          0          0         92   dfixu.o
        38          0          0          0          0         68   dflt_clz.o
       120          4          0          0          0         92   dleqf.o
       156          4          0          0          0         92   dnaninf.o
        12          0          0          0          0         68   dretinf.o
       108          0          0          0          0         80   drleqf.o
       460         56          0          0          0        120   dsqrt_noumaal.o
        86          4          0          0          0         84   f2d.o
       450          8          0          0          0        236   faddsub_clz.o
       388         76          0          0          0         96   fdiv.o
        54          4          0          0          0         84   ffix.o
        62          4          0          0          0         84   ffixu.o
        86          0          0          0          0        136   fflt_clz.o
       258          4          0          0          0         84   fmul.o
       140          4          0          0          0         84   fnaninf.o
        14          0          0          0          0         76   fpinit.o
        10          0          0          0          0         68   fretinf.o
         0          0          0          0          0          0   usenofp.o
        76          0          0          0          0         84   sqrt.o

    ----------------------------------------------------------------------
      3458        210         42          0        100       3196   Library Totals
        20          0          2          0          4          0   (incl. Padding)

    ----------------------------------------------------------------------

      Code (inc. data)   RO Data    RW Data    ZI Data      Debug   Library Name

       806         38         40          0         96       1400   c_w.l
      2556        172          0          0          0       1712   fz_ws.l
        76          0          0          0          0         84   m_ws.l

    ----------------------------------------------------------------------
      3458        210         42          0        100       3196   Library Totals

    ----------------------------------------------------------------------

==============================================================================


      Code (inc. data)   RO Data    RW Data    ZI Data      Debug   

     24234       1120       7742         52        820      48598   Grand Totals
     24234       1120       7742         52        820      48598   ELF Image Totals
     24234       1120       7742         52          0          0   ROM Totals

==============================================================================

    Total RO  Size (Code + RO Data)                31976 (  31.23kB)
    Total RW  Size (RW Data + ZI Data)               872 (   0.85kB)
    Total ROM Size (Code + RO Data + RW Data)      32028 (  31.28kB)

==============================================================================

